Archive member included to satisfy reference by file (symbol)

c:/st/stm32cubeide_1.6.1/stm32cubeide/plugins/com.st.stm32cube.ide.mcu.externaltools.gnu-tools-for-stm32.9-2020-q2-update.win32_1.5.0.202011040924/tools/bin/../lib/gcc/arm-none-eabi/9.3.1/../../../../arm-none-eabi/lib/thumb/v7e-m+fp/hard\libc_nano.a(lib_a-errno.o)
                              Core/Src/syscalls.o (__errno)
c:/st/stm32cubeide_1.6.1/stm32cubeide/plugins/com.st.stm32cube.ide.mcu.externaltools.gnu-tools-for-stm32.9-2020-q2-update.win32_1.5.0.202011040924/tools/bin/../lib/gcc/arm-none-eabi/9.3.1/../../../../arm-none-eabi/lib/thumb/v7e-m+fp/hard\libc_nano.a(lib_a-exit.o)
                              c:/st/stm32cubeide_1.6.1/stm32cubeide/plugins/com.st.stm32cube.ide.mcu.externaltools.gnu-tools-for-stm32.9-2020-q2-update.win32_1.5.0.202011040924/tools/bin/../lib/gcc/arm-none-eabi/9.3.1/../../../../arm-none-eabi/lib/thumb/v7e-m+fp/hard/crt0.o (exit)
c:/st/stm32cubeide_1.6.1/stm32cubeide/plugins/com.st.stm32cube.ide.mcu.externaltools.gnu-tools-for-stm32.9-2020-q2-update.win32_1.5.0.202011040924/tools/bin/../lib/gcc/arm-none-eabi/9.3.1/../../../../arm-none-eabi/lib/thumb/v7e-m+fp/hard\libc_nano.a(lib_a-impure.o)
                              c:/st/stm32cubeide_1.6.1/stm32cubeide/plugins/com.st.stm32cube.ide.mcu.externaltools.gnu-tools-for-stm32.9-2020-q2-update.win32_1.5.0.202011040924/tools/bin/../lib/gcc/arm-none-eabi/9.3.1/../../../../arm-none-eabi/lib/thumb/v7e-m+fp/hard\libc_nano.a(lib_a-exit.o) (_global_impure_ptr)
c:/st/stm32cubeide_1.6.1/stm32cubeide/plugins/com.st.stm32cube.ide.mcu.externaltools.gnu-tools-for-stm32.9-2020-q2-update.win32_1.5.0.202011040924/tools/bin/../lib/gcc/arm-none-eabi/9.3.1/../../../../arm-none-eabi/lib/thumb/v7e-m+fp/hard\libc_nano.a(lib_a-init.o)
                              c:/st/stm32cubeide_1.6.1/stm32cubeide/plugins/com.st.stm32cube.ide.mcu.externaltools.gnu-tools-for-stm32.9-2020-q2-update.win32_1.5.0.202011040924/tools/bin/../lib/gcc/arm-none-eabi/9.3.1/../../../../arm-none-eabi/lib/thumb/v7e-m+fp/hard/crt0.o (__libc_init_array)
c:/st/stm32cubeide_1.6.1/stm32cubeide/plugins/com.st.stm32cube.ide.mcu.externaltools.gnu-tools-for-stm32.9-2020-q2-update.win32_1.5.0.202011040924/tools/bin/../lib/gcc/arm-none-eabi/9.3.1/../../../../arm-none-eabi/lib/thumb/v7e-m+fp/hard\libc_nano.a(lib_a-memset.o)
                              c:/st/stm32cubeide_1.6.1/stm32cubeide/plugins/com.st.stm32cube.ide.mcu.externaltools.gnu-tools-for-stm32.9-2020-q2-update.win32_1.5.0.202011040924/tools/bin/../lib/gcc/arm-none-eabi/9.3.1/../../../../arm-none-eabi/lib/thumb/v7e-m+fp/hard/crt0.o (memset)
c:/st/stm32cubeide_1.6.1/stm32cubeide/plugins/com.st.stm32cube.ide.mcu.externaltools.gnu-tools-for-stm32.9-2020-q2-update.win32_1.5.0.202011040924/tools/bin/../lib/gcc/arm-none-eabi/9.3.1/thumb/v7e-m+fp/hard\libgcc.a(_aeabi_uldivmod.o)
                              Drivers/STM32F7xx_HAL_Driver/Src/stm32f7xx_hal_rcc.o (__aeabi_uldivmod)
c:/st/stm32cubeide_1.6.1/stm32cubeide/plugins/com.st.stm32cube.ide.mcu.externaltools.gnu-tools-for-stm32.9-2020-q2-update.win32_1.5.0.202011040924/tools/bin/../lib/gcc/arm-none-eabi/9.3.1/thumb/v7e-m+fp/hard\libgcc.a(_udivmoddi4.o)
                              c:/st/stm32cubeide_1.6.1/stm32cubeide/plugins/com.st.stm32cube.ide.mcu.externaltools.gnu-tools-for-stm32.9-2020-q2-update.win32_1.5.0.202011040924/tools/bin/../lib/gcc/arm-none-eabi/9.3.1/thumb/v7e-m+fp/hard\libgcc.a(_aeabi_uldivmod.o) (__udivmoddi4)
c:/st/stm32cubeide_1.6.1/stm32cubeide/plugins/com.st.stm32cube.ide.mcu.externaltools.gnu-tools-for-stm32.9-2020-q2-update.win32_1.5.0.202011040924/tools/bin/../lib/gcc/arm-none-eabi/9.3.1/thumb/v7e-m+fp/hard\libgcc.a(_dvmd_tls.o)
                              c:/st/stm32cubeide_1.6.1/stm32cubeide/plugins/com.st.stm32cube.ide.mcu.externaltools.gnu-tools-for-stm32.9-2020-q2-update.win32_1.5.0.202011040924/tools/bin/../lib/gcc/arm-none-eabi/9.3.1/thumb/v7e-m+fp/hard\libgcc.a(_aeabi_uldivmod.o) (__aeabi_ldiv0)

Allocating common symbols
Common symbol       size              file

sdramHandle         0x34              Peripherals/Src/stm32746g_discovery_sdram.o
ySize               0x4               Core/Src/main.o
xSize               0x4               Core/Src/main.o
hcrc                0x24              Core/Src/main.o
ts                  0x2c              Core/Src/main.o
oldTs               0x2c              Core/Src/main.o
hLtdcHandler        0xa8              Peripherals/Src/stm32746g_discovery_lcd.o
xTouchStr           0x14              Core/Src/main.o
uwTick              0x4               Drivers/STM32F7xx_HAL_Driver/Src/stm32f7xx_hal.o
pFlash              0x1c              Drivers/STM32F7xx_HAL_Driver/Src/stm32f7xx_hal_flash.o
hdma2d              0x40              Core/Src/main.o

Discarded input sections

[...]
Memory Configuration

Name             Origin             Length             Attributes
RAM              0x0000000020000000 0x0000000000050000 xrw
FLASH            0x0000000008000000 0x0000000000100000 xr
*default*        0x0000000000000000 0xffffffffffffffff

Linker script and memory map

LOAD c:/st/stm32cubeide_1.6.1/stm32cubeide/plugins/com.st.stm32cube.ide.mcu.externaltools.gnu-tools-for-stm32.9-2020-q2-update.win32_1.5.0.202011040924/tools/bin/../lib/gcc/arm-none-eabi/9.3.1/thumb/v7e-m+fp/hard/crti.o
LOAD c:/st/stm32cubeide_1.6.1/stm32cubeide/plugins/com.st.stm32cube.ide.mcu.externaltools.gnu-tools-for-stm32.9-2020-q2-update.win32_1.5.0.202011040924/tools/bin/../lib/gcc/arm-none-eabi/9.3.1/thumb/v7e-m+fp/hard/crtbegin.o
LOAD c:/st/stm32cubeide_1.6.1/stm32cubeide/plugins/com.st.stm32cube.ide.mcu.externaltools.gnu-tools-for-stm32.9-2020-q2-update.win32_1.5.0.202011040924/tools/bin/../lib/gcc/arm-none-eabi/9.3.1/../../../../arm-none-eabi/lib/thumb/v7e-m+fp/hard/crt0.o
LOAD Core/Src/main.o
LOAD Core/Src/stm32f7xx_hal_msp.o
LOAD Core/Src/stm32f7xx_it.o
LOAD Core/Src/syscalls.o
LOAD Core/Src/sysmem.o
LOAD Core/Src/system_stm32f7xx.o
LOAD Core/Startup/startup_stm32f746nghx.o
LOAD Drivers/STM32F7xx_HAL_Driver/Src/stm32f7xx_hal.o
LOAD Drivers/STM32F7xx_HAL_Driver/Src/stm32f7xx_hal_cortex.o
LOAD Drivers/STM32F7xx_HAL_Driver/Src/stm32f7xx_hal_crc.o
LOAD Drivers/STM32F7xx_HAL_Driver/Src/stm32f7xx_hal_crc_ex.o
LOAD Drivers/STM32F7xx_HAL_Driver/Src/stm32f7xx_hal_dma.o
LOAD Drivers/STM32F7xx_HAL_Driver/Src/stm32f7xx_hal_dma2d.o
LOAD Drivers/STM32F7xx_HAL_Driver/Src/stm32f7xx_hal_dma_ex.o
LOAD Drivers/STM32F7xx_HAL_Driver/Src/stm32f7xx_hal_exti.o
LOAD Drivers/STM32F7xx_HAL_Driver/Src/stm32f7xx_hal_flash.o
LOAD Drivers/STM32F7xx_HAL_Driver/Src/stm32f7xx_hal_flash_ex.o
LOAD Drivers/STM32F7xx_HAL_Driver/Src/stm32f7xx_hal_gpio.o
LOAD Drivers/STM32F7xx_HAL_Driver/Src/stm32f7xx_hal_i2c.o
LOAD Drivers/STM32F7xx_HAL_Driver/Src/stm32f7xx_hal_i2c_ex.o
LOAD Drivers/STM32F7xx_HAL_Driver/Src/stm32f7xx_hal_ltdc.o
LOAD Drivers/STM32F7xx_HAL_Driver/Src/stm32f7xx_hal_ltdc_ex.o
LOAD Drivers/STM32F7xx_HAL_Driver/Src/stm32f7xx_hal_pwr.o
LOAD Drivers/STM32F7xx_HAL_Driver/Src/stm32f7xx_hal_pwr_ex.o
LOAD Drivers/STM32F7xx_HAL_Driver/Src/stm32f7xx_hal_rcc.o
LOAD Drivers/STM32F7xx_HAL_Driver/Src/stm32f7xx_hal_rcc_ex.o
LOAD Drivers/STM32F7xx_HAL_Driver/Src/stm32f7xx_hal_sdram.o
LOAD Drivers/STM32F7xx_HAL_Driver/Src/stm32f7xx_hal_tim.o
LOAD Drivers/STM32F7xx_HAL_Driver/Src/stm32f7xx_hal_tim_ex.o
LOAD Drivers/STM32F7xx_HAL_Driver/Src/stm32f7xx_hal_uart.o
LOAD Drivers/STM32F7xx_HAL_Driver/Src/stm32f7xx_ll_fmc.o
LOAD Peripherals/Src/font12.o
LOAD Peripherals/Src/font16.o
LOAD Peripherals/Src/font20.o
LOAD Peripherals/Src/font24.o
LOAD Peripherals/Src/font8.o
LOAD Peripherals/Src/ft5336.o
LOAD Peripherals/Src/stm32746g_discovery.o
LOAD Peripherals/Src/stm32746g_discovery_lcd.o
LOAD Peripherals/Src/stm32746g_discovery_sdram.o
LOAD Peripherals/Src/stm32746g_discovery_ts.o
START GROUP
LOAD c:/st/stm32cubeide_1.6.1/stm32cubeide/plugins/com.st.stm32cube.ide.mcu.externaltools.gnu-tools-for-stm32.9-2020-q2-update.win32_1.5.0.202011040924/tools/bin/../lib/gcc/arm-none-eabi/9.3.1/../../../../arm-none-eabi/lib/thumb/v7e-m+fp/hard\libc_nano.a
LOAD c:/st/stm32cubeide_1.6.1/stm32cubeide/plugins/com.st.stm32cube.ide.mcu.externaltools.gnu-tools-for-stm32.9-2020-q2-update.win32_1.5.0.202011040924/tools/bin/../lib/gcc/arm-none-eabi/9.3.1/../../../../arm-none-eabi/lib/thumb/v7e-m+fp/hard\libm.a
END GROUP
START GROUP
LOAD c:/st/stm32cubeide_1.6.1/stm32cubeide/plugins/com.st.stm32cube.ide.mcu.externaltools.gnu-tools-for-stm32.9-2020-q2-update.win32_1.5.0.202011040924/tools/bin/../lib/gcc/arm-none-eabi/9.3.1/thumb/v7e-m+fp/hard\libgcc.a
LOAD c:/st/stm32cubeide_1.6.1/stm32cubeide/plugins/com.st.stm32cube.ide.mcu.externaltools.gnu-tools-for-stm32.9-2020-q2-update.win32_1.5.0.202011040924/tools/bin/../lib/gcc/arm-none-eabi/9.3.1/../../../../arm-none-eabi/lib/thumb/v7e-m+fp/hard\libc_nano.a
END GROUP
START GROUP
LOAD c:/st/stm32cubeide_1.6.1/stm32cubeide/plugins/com.st.stm32cube.ide.mcu.externaltools.gnu-tools-for-stm32.9-2020-q2-update.win32_1.5.0.202011040924/tools/bin/../lib/gcc/arm-none-eabi/9.3.1/thumb/v7e-m+fp/hard\libgcc.a
LOAD c:/st/stm32cubeide_1.6.1/stm32cubeide/plugins/com.st.stm32cube.ide.mcu.externaltools.gnu-tools-for-stm32.9-2020-q2-update.win32_1.5.0.202011040924/tools/bin/../lib/gcc/arm-none-eabi/9.3.1/../../../../arm-none-eabi/lib/thumb/v7e-m+fp/hard\libc_nano.a
LOAD c:/st/stm32cubeide_1.6.1/stm32cubeide/plugins/com.st.stm32cube.ide.mcu.externaltools.gnu-tools-for-stm32.9-2020-q2-update.win32_1.5.0.202011040924/tools/bin/../lib/gcc/arm-none-eabi/9.3.1/../../../../arm-none-eabi/lib/thumb/v7e-m+fp/hard\libnosys.a
END GROUP
START GROUP
LOAD c:/st/stm32cubeide_1.6.1/stm32cubeide/plugins/com.st.stm32cube.ide.mcu.externaltools.gnu-tools-for-stm32.9-2020-q2-update.win32_1.5.0.202011040924/tools/bin/../lib/gcc/arm-none-eabi/9.3.1/thumb/v7e-m+fp/hard\libgcc.a
LOAD c:/st/stm32cubeide_1.6.1/stm32cubeide/plugins/com.st.stm32cube.ide.mcu.externaltools.gnu-tools-for-stm32.9-2020-q2-update.win32_1.5.0.202011040924/tools/bin/../lib/gcc/arm-none-eabi/9.3.1/../../../../arm-none-eabi/lib/thumb/v7e-m+fp/hard\libc_nano.a
LOAD c:/st/stm32cubeide_1.6.1/stm32cubeide/plugins/com.st.stm32cube.ide.mcu.externaltools.gnu-tools-for-stm32.9-2020-q2-update.win32_1.5.0.202011040924/tools/bin/../lib/gcc/arm-none-eabi/9.3.1/../../../../arm-none-eabi/lib/thumb/v7e-m+fp/hard\libnosys.a
END GROUP
LOAD c:/st/stm32cubeide_1.6.1/stm32cubeide/plugins/com.st.stm32cube.ide.mcu.externaltools.gnu-tools-for-stm32.9-2020-q2-update.win32_1.5.0.202011040924/tools/bin/../lib/gcc/arm-none-eabi/9.3.1/thumb/v7e-m+fp/hard/crtend.o
LOAD c:/st/stm32cubeide_1.6.1/stm32cubeide/plugins/com.st.stm32cube.ide.mcu.externaltools.gnu-tools-for-stm32.9-2020-q2-update.win32_1.5.0.202011040924/tools/bin/../lib/gcc/arm-none-eabi/9.3.1/thumb/v7e-m+fp/hard/crtn.o
                0x0000000020050000                _estack = (ORIGIN (RAM) + LENGTH (RAM))
                0x0000000000000200                _Min_Heap_Size = 0x200
                0x0000000000000400                _Min_Stack_Size = 0x400

.isr_vector     0x0000000008000000      0x1c8
                0x0000000008000000                . = ALIGN (0x4)
 *(.isr_vector)
 .isr_vector    0x0000000008000000      0x1c8 Core/Startup/startup_stm32f746nghx.o
                0x0000000008000000                g_pfnVectors
                0x00000000080001c8                . = ALIGN (0x4)

.text           0x00000000080001c8     0x524c
                0x00000000080001c8                . = ALIGN (0x4)
 *(.text)
 .text          0x00000000080001c8       0x40 c:/st/stm32cubeide_1.6.1/stm32cubeide/plugins/com.st.stm32cube.ide.mcu.externaltools.gnu-tools-for-stm32.9-2020-q2-update.win32_1.5.0.202011040924/tools/bin/../lib/gcc/arm-none-eabi/9.3.1/thumb/v7e-m+fp/hard/crtbegin.o
 .text          0x0000000008000208       0x30 c:/st/stm32cubeide_1.6.1/stm32cubeide/plugins/com.st.stm32cube.ide.mcu.externaltools.gnu-tools-for-stm32.9-2020-q2-update.win32_1.5.0.202011040924/tools/bin/../lib/gcc/arm-none-eabi/9.3.1/thumb/v7e-m+fp/hard\libgcc.a(_aeabi_uldivmod.o)
                0x0000000008000208                __aeabi_uldivmod
 .text          0x0000000008000238      0x2c4 c:/st/stm32cubeide_1.6.1/stm32cubeide/plugins/com.st.stm32cube.ide.mcu.externaltools.gnu-tools-for-stm32.9-2020-q2-update.win32_1.5.0.202011040924/tools/bin/../lib/gcc/arm-none-eabi/9.3.1/thumb/v7e-m+fp/hard\libgcc.a(_udivmoddi4.o)
                0x0000000008000238                __udivmoddi4
 .text          0x00000000080004fc        0x4 c:/st/stm32cubeide_1.6.1/stm32cubeide/plugins/com.st.stm32cube.ide.mcu.externaltools.gnu-tools-for-stm32.9-2020-q2-update.win32_1.5.0.202011040924/tools/bin/../lib/gcc/arm-none-eabi/9.3.1/thumb/v7e-m+fp/hard\libgcc.a(_dvmd_tls.o)
                0x00000000080004fc                __aeabi_idiv0
                0x00000000080004fc                __aeabi_ldiv0
 *(.text*)
 .text.SCB_EnableICache
                0x0000000008000500       0x4c Core/Src/main.o
 .text.SCB_EnableDCache
                0x000000000800054c       0x88 Core/Src/main.o
 .text.main     0x00000000080005d4       0x80 Core/Src/main.o
                0x00000000080005d4                main
 .text.SystemClock_Config
                0x0000000008000654       0xdc Core/Src/main.o
                0x0000000008000654                SystemClock_Config
 .text.MX_CRC_Init
                0x0000000008000730       0x44 Core/Src/main.o
 .text.MX_DMA2D_Init
                0x0000000008000774       0x64 Core/Src/main.o
 .text.MX_GPIO_Init
                0x00000000080007d8       0x7c Core/Src/main.o
 .text.displayImageWithOffset
                0x0000000008000854       0x70 Core/Src/main.o
                0x0000000008000854                displayImageWithOffset
 .text.Error_Handler
                0x00000000080008c4        0xa Core/Src/main.o
                0x00000000080008c4                Error_Handler
 *fill*         0x00000000080008ce        0x2 
 .text.HAL_MspInit
                0x00000000080008d0       0x48 Core/Src/stm32f7xx_hal_msp.o
                0x00000000080008d0                HAL_MspInit
 .text.HAL_CRC_MspInit
                0x0000000008000918       0x40 Core/Src/stm32f7xx_hal_msp.o
                0x0000000008000918                HAL_CRC_MspInit
 .text.HAL_DMA2D_MspInit
                0x0000000008000958       0x40 Core/Src/stm32f7xx_hal_msp.o
                0x0000000008000958                HAL_DMA2D_MspInit
 .text.NMI_Handler
                0x0000000008000998        0x6 Core/Src/stm32f7xx_it.o
                0x0000000008000998                NMI_Handler
 .text.HardFault_Handler
                0x000000000800099e        0x6 Core/Src/stm32f7xx_it.o
                0x000000000800099e                HardFault_Handler
 .text.MemManage_Handler
                0x00000000080009a4        0x6 Core/Src/stm32f7xx_it.o
                0x00000000080009a4                MemManage_Handler
 .text.BusFault_Handler
                0x00000000080009aa        0x6 Core/Src/stm32f7xx_it.o
                0x00000000080009aa                BusFault_Handler
 .text.UsageFault_Handler
                0x00000000080009b0        0x6 Core/Src/stm32f7xx_it.o
                0x00000000080009b0                UsageFault_Handler
 .text.SVC_Handler
                0x00000000080009b6        0xe Core/Src/stm32f7xx_it.o
                0x00000000080009b6                SVC_Handler
 .text.DebugMon_Handler
                0x00000000080009c4        0xe Core/Src/stm32f7xx_it.o
                0x00000000080009c4                DebugMon_Handler
 .text.PendSV_Handler
                0x00000000080009d2        0xe Core/Src/stm32f7xx_it.o
                0x00000000080009d2                PendSV_Handler
 .text.SysTick_Handler
                0x00000000080009e0        0xc Core/Src/stm32f7xx_it.o
                0x00000000080009e0                SysTick_Handler
 .text.LTDC_IRQHandler
                0x00000000080009ec       0x14 Core/Src/stm32f7xx_it.o
                0x00000000080009ec                LTDC_IRQHandler
 .text.SystemInit
                0x0000000008000a00       0x24 Core/Src/system_stm32f7xx.o
                0x0000000008000a00                SystemInit
 .text.Reset_Handler
                0x0000000008000a24       0x50 Core/Startup/startup_stm32f746nghx.o
                0x0000000008000a24                Reset_Handler
 .text.Default_Handler
                0x0000000008000a74        0x2 Core/Startup/startup_stm32f746nghx.o
                0x0000000008000a74                RTC_Alarm_IRQHandler
                0x0000000008000a74                EXTI2_IRQHandler
                0x0000000008000a74                TIM8_CC_IRQHandler
                0x0000000008000a74                UART8_IRQHandler
                0x0000000008000a74                SPI4_IRQHandler
                0x0000000008000a74                TIM1_CC_IRQHandler
                0x0000000008000a74                DMA2_Stream5_IRQHandler
                0x0000000008000a74                DMA1_Stream5_IRQHandler
                0x0000000008000a74                PVD_IRQHandler
                0x0000000008000a74                TAMP_STAMP_IRQHandler
                0x0000000008000a74                CAN2_RX1_IRQHandler
                0x0000000008000a74                EXTI3_IRQHandler
                0x0000000008000a74                TIM8_TRG_COM_TIM14_IRQHandler
                0x0000000008000a74                TIM1_UP_TIM10_IRQHandler
                0x0000000008000a74                TIM8_UP_TIM13_IRQHandler
                0x0000000008000a74                I2C3_ER_IRQHandler
                0x0000000008000a74                EXTI0_IRQHandler
                0x0000000008000a74                I2C2_EV_IRQHandler
                0x0000000008000a74                DMA1_Stream2_IRQHandler
                0x0000000008000a74                CAN1_RX0_IRQHandler
                0x0000000008000a74                FPU_IRQHandler
                0x0000000008000a74                OTG_HS_WKUP_IRQHandler
                0x0000000008000a74                LTDC_ER_IRQHandler
                0x0000000008000a74                CAN2_SCE_IRQHandler
                0x0000000008000a74                DMA2_Stream2_IRQHandler
                0x0000000008000a74                SPI1_IRQHandler
                0x0000000008000a74                TIM6_DAC_IRQHandler
                0x0000000008000a74                TIM1_BRK_TIM9_IRQHandler
                0x0000000008000a74                DCMI_IRQHandler
                0x0000000008000a74                CAN2_RX0_IRQHandler
                0x0000000008000a74                DMA2_Stream3_IRQHandler
                0x0000000008000a74                SAI2_IRQHandler
                0x0000000008000a74                USART6_IRQHandler
                0x0000000008000a74                USART3_IRQHandler
                0x0000000008000a74                CAN1_RX1_IRQHandler
                0x0000000008000a74                UART5_IRQHandler
                0x0000000008000a74                DMA2_Stream0_IRQHandler
                0x0000000008000a74                TIM4_IRQHandler
                0x0000000008000a74                QUADSPI_IRQHandler
                0x0000000008000a74                I2C1_EV_IRQHandler
                0x0000000008000a74                DMA1_Stream6_IRQHandler
                0x0000000008000a74                DMA1_Stream1_IRQHandler
                0x0000000008000a74                UART4_IRQHandler
                0x0000000008000a74                TIM3_IRQHandler
                0x0000000008000a74                RCC_IRQHandler
                0x0000000008000a74                TIM8_BRK_TIM12_IRQHandler
                0x0000000008000a74                Default_Handler
                0x0000000008000a74                CEC_IRQHandler
                0x0000000008000a74                EXTI15_10_IRQHandler
                0x0000000008000a74                ADC_IRQHandler
                0x0000000008000a74                DMA1_Stream7_IRQHandler
                0x0000000008000a74                SPI5_IRQHandler
                0x0000000008000a74                TIM7_IRQHandler
                0x0000000008000a74                SDMMC1_IRQHandler
                0x0000000008000a74                CAN2_TX_IRQHandler
                0x0000000008000a74                TIM5_IRQHandler
                0x0000000008000a74                DMA2_Stream7_IRQHandler
                0x0000000008000a74                I2C3_EV_IRQHandler
                0x0000000008000a74                EXTI9_5_IRQHandler
                0x0000000008000a74                RTC_WKUP_IRQHandler
                0x0000000008000a74                ETH_WKUP_IRQHandler
                0x0000000008000a74                SPDIF_RX_IRQHandler
                0x0000000008000a74                SPI2_IRQHandler
                0x0000000008000a74                OTG_HS_EP1_IN_IRQHandler
                0x0000000008000a74                DMA1_Stream0_IRQHandler
                0x0000000008000a74                CAN1_TX_IRQHandler
                0x0000000008000a74                EXTI4_IRQHandler
                0x0000000008000a74                RNG_IRQHandler
                0x0000000008000a74                ETH_IRQHandler
                0x0000000008000a74                OTG_HS_EP1_OUT_IRQHandler
                0x0000000008000a74                WWDG_IRQHandler
                0x0000000008000a74                SPI6_IRQHandler
                0x0000000008000a74                I2C4_EV_IRQHandler
                0x0000000008000a74                TIM2_IRQHandler
                0x0000000008000a74                OTG_FS_WKUP_IRQHandler
                0x0000000008000a74                TIM1_TRG_COM_TIM11_IRQHandler
                0x0000000008000a74                OTG_HS_IRQHandler
                0x0000000008000a74                DMA2D_IRQHandler
                0x0000000008000a74                EXTI1_IRQHandler
                0x0000000008000a74                UART7_IRQHandler
                0x0000000008000a74                USART2_IRQHandler
                0x0000000008000a74                I2C2_ER_IRQHandler
                0x0000000008000a74                DMA2_Stream1_IRQHandler
                0x0000000008000a74                CAN1_SCE_IRQHandler
                0x0000000008000a74                FLASH_IRQHandler
                0x0000000008000a74                DMA2_Stream4_IRQHandler
                0x0000000008000a74                USART1_IRQHandler
                0x0000000008000a74                OTG_FS_IRQHandler
                0x0000000008000a74                SPI3_IRQHandler
                0x0000000008000a74                DMA1_Stream4_IRQHandler
                0x0000000008000a74                I2C1_ER_IRQHandler
                0x0000000008000a74                FMC_IRQHandler
                0x0000000008000a74                LPTIM1_IRQHandler
                0x0000000008000a74                I2C4_ER_IRQHandler
                0x0000000008000a74                DMA2_Stream6_IRQHandler
                0x0000000008000a74                SAI1_IRQHandler
                0x0000000008000a74                DMA1_Stream3_IRQHandler
 .text.HAL_Init
                0x0000000008000a76       0x1a Drivers/STM32F7xx_HAL_Driver/Src/stm32f7xx_hal.o
                0x0000000008000a76                HAL_Init
 .text.HAL_InitTick
                0x0000000008000a90       0x60 Drivers/STM32F7xx_HAL_Driver/Src/stm32f7xx_hal.o
                0x0000000008000a90                HAL_InitTick
 .text.HAL_IncTick
                0x0000000008000af0       0x28 Drivers/STM32F7xx_HAL_Driver/Src/stm32f7xx_hal.o
                0x0000000008000af0                HAL_IncTick
 .text.HAL_GetTick
                0x0000000008000b18       0x18 Drivers/STM32F7xx_HAL_Driver/Src/stm32f7xx_hal.o
                0x0000000008000b18                HAL_GetTick
 .text.HAL_Delay
                0x0000000008000b30       0x48 Drivers/STM32F7xx_HAL_Driver/Src/stm32f7xx_hal.o
                0x0000000008000b30                HAL_Delay
 .text.__NVIC_SetPriorityGrouping
                0x0000000008000b78       0x48 Drivers/STM32F7xx_HAL_Driver/Src/stm32f7xx_hal_cortex.o
 .text.__NVIC_GetPriorityGrouping
                0x0000000008000bc0       0x1c Drivers/STM32F7xx_HAL_Driver/Src/stm32f7xx_hal_cortex.o
 .text.__NVIC_EnableIRQ
                0x0000000008000bdc       0x3c Drivers/STM32F7xx_HAL_Driver/Src/stm32f7xx_hal_cortex.o
 .text.__NVIC_SetPriority
                0x0000000008000c18       0x54 Drivers/STM32F7xx_HAL_Driver/Src/stm32f7xx_hal_cortex.o
 .text.NVIC_EncodePriority
                0x0000000008000c6c       0x66 Drivers/STM32F7xx_HAL_Driver/Src/stm32f7xx_hal_cortex.o
 *fill*         0x0000000008000cd2        0x2 
 .text.SysTick_Config
                0x0000000008000cd4       0x44 Drivers/STM32F7xx_HAL_Driver/Src/stm32f7xx_hal_cortex.o
 .text.HAL_NVIC_SetPriorityGrouping
                0x0000000008000d18       0x16 Drivers/STM32F7xx_HAL_Driver/Src/stm32f7xx_hal_cortex.o
                0x0000000008000d18                HAL_NVIC_SetPriorityGrouping
 .text.HAL_NVIC_SetPriority
                0x0000000008000d2e       0x38 Drivers/STM32F7xx_HAL_Driver/Src/stm32f7xx_hal_cortex.o
                0x0000000008000d2e                HAL_NVIC_SetPriority
 .text.HAL_NVIC_EnableIRQ
                0x0000000008000d66       0x1c Drivers/STM32F7xx_HAL_Driver/Src/stm32f7xx_hal_cortex.o
                0x0000000008000d66                HAL_NVIC_EnableIRQ
 .text.HAL_SYSTICK_Config
                0x0000000008000d82       0x18 Drivers/STM32F7xx_HAL_Driver/Src/stm32f7xx_hal_cortex.o
                0x0000000008000d82                HAL_SYSTICK_Config
 *fill*         0x0000000008000d9a        0x2 
 .text.HAL_CRC_Init
                0x0000000008000d9c       0xc8 Drivers/STM32F7xx_HAL_Driver/Src/stm32f7xx_hal_crc.o
                0x0000000008000d9c                HAL_CRC_Init
 .text.HAL_CRCEx_Polynomial_Set
                0x0000000008000e64      0x10c Drivers/STM32F7xx_HAL_Driver/Src/stm32f7xx_hal_crc_ex.o
                0x0000000008000e64                HAL_CRCEx_Polynomial_Set
 .text.HAL_DMA_Init
                0x0000000008000f70      0x15c Drivers/STM32F7xx_HAL_Driver/Src/stm32f7xx_hal_dma.o
                0x0000000008000f70                HAL_DMA_Init
 .text.HAL_DMA_DeInit
                0x00000000080010cc       0xbc Drivers/STM32F7xx_HAL_Driver/Src/stm32f7xx_hal_dma.o
                0x00000000080010cc                HAL_DMA_DeInit
 .text.DMA_CalcBaseAndBitshift
                0x0000000008001188       0x6c Drivers/STM32F7xx_HAL_Driver/Src/stm32f7xx_hal_dma.o
 .text.DMA_CheckFifoParam
                0x00000000080011f4       0xf8 Drivers/STM32F7xx_HAL_Driver/Src/stm32f7xx_hal_dma.o
 .text.HAL_DMA2D_Init
                0x00000000080012ec       0x94 Drivers/STM32F7xx_HAL_Driver/Src/stm32f7xx_hal_dma2d.o
                0x00000000080012ec                HAL_DMA2D_Init
 .text.HAL_DMA2D_Start
                0x0000000008001380       0x56 Drivers/STM32F7xx_HAL_Driver/Src/stm32f7xx_hal_dma2d.o
                0x0000000008001380                HAL_DMA2D_Start
 .text.HAL_DMA2D_PollForTransfer
                0x00000000080013d6      0x1d2 Drivers/STM32F7xx_HAL_Driver/Src/stm32f7xx_hal_dma2d.o
                0x00000000080013d6                HAL_DMA2D_PollForTransfer
 .text.HAL_DMA2D_ConfigLayer
                0x00000000080015a8      0x124 Drivers/STM32F7xx_HAL_Driver/Src/stm32f7xx_hal_dma2d.o
                0x00000000080015a8                HAL_DMA2D_ConfigLayer
 .text.DMA2D_SetConfig
                0x00000000080016cc      0x138 Drivers/STM32F7xx_HAL_Driver/Src/stm32f7xx_hal_dma2d.o
 .text.HAL_GPIO_Init
                0x0000000008001804      0x358 Drivers/STM32F7xx_HAL_Driver/Src/stm32f7xx_hal_gpio.o
                0x0000000008001804                HAL_GPIO_Init
 .text.HAL_GPIO_WritePin
                0x0000000008001b5c       0x32 Drivers/STM32F7xx_HAL_Driver/Src/stm32f7xx_hal_gpio.o
                0x0000000008001b5c                HAL_GPIO_WritePin
 *fill*         0x0000000008001b8e        0x2 
 .text.HAL_I2C_Init
                0x0000000008001b90      0x120 Drivers/STM32F7xx_HAL_Driver/Src/stm32f7xx_hal_i2c.o
                0x0000000008001b90                HAL_I2C_Init
 .text.HAL_I2C_DeInit
                0x0000000008001cb0       0x5e Drivers/STM32F7xx_HAL_Driver/Src/stm32f7xx_hal_i2c.o
                0x0000000008001cb0                HAL_I2C_DeInit
 .text.HAL_I2C_MspInit
                0x0000000008001d0e       0x14 Drivers/STM32F7xx_HAL_Driver/Src/stm32f7xx_hal_i2c.o
                0x0000000008001d0e                HAL_I2C_MspInit
 .text.HAL_I2C_MspDeInit
                0x0000000008001d22       0x14 Drivers/STM32F7xx_HAL_Driver/Src/stm32f7xx_hal_i2c.o
                0x0000000008001d22                HAL_I2C_MspDeInit
 *fill*         0x0000000008001d36        0x2 
 .text.HAL_I2C_Mem_Write
                0x0000000008001d38      0x228 Drivers/STM32F7xx_HAL_Driver/Src/stm32f7xx_hal_i2c.o
                0x0000000008001d38                HAL_I2C_Mem_Write
 .text.HAL_I2C_Mem_Read
                0x0000000008001f60      0x234 Drivers/STM32F7xx_HAL_Driver/Src/stm32f7xx_hal_i2c.o
                0x0000000008001f60                HAL_I2C_Mem_Read
 .text.HAL_I2C_GetState
                0x0000000008002194       0x1c Drivers/STM32F7xx_HAL_Driver/Src/stm32f7xx_hal_i2c.o
                0x0000000008002194                HAL_I2C_GetState
 .text.I2C_RequestMemoryWrite
                0x00000000080021b0       0xa8 Drivers/STM32F7xx_HAL_Driver/Src/stm32f7xx_hal_i2c.o
 .text.I2C_RequestMemoryRead
                0x0000000008002258       0xa8 Drivers/STM32F7xx_HAL_Driver/Src/stm32f7xx_hal_i2c.o
 .text.I2C_Flush_TXDR
                0x0000000008002300       0x48 Drivers/STM32F7xx_HAL_Driver/Src/stm32f7xx_hal_i2c.o
 .text.I2C_WaitOnFlagUntilTimeout
                0x0000000008002348       0x80 Drivers/STM32F7xx_HAL_Driver/Src/stm32f7xx_hal_i2c.o
 .text.I2C_WaitOnTXISFlagUntilTimeout
                0x00000000080023c8       0x80 Drivers/STM32F7xx_HAL_Driver/Src/stm32f7xx_hal_i2c.o
 .text.I2C_WaitOnSTOPFlagUntilTimeout
                0x0000000008002448       0x78 Drivers/STM32F7xx_HAL_Driver/Src/stm32f7xx_hal_i2c.o
 .text.I2C_IsErrorOccurred
                0x00000000080024c0      0x1d8 Drivers/STM32F7xx_HAL_Driver/Src/stm32f7xx_hal_i2c.o
 .text.I2C_TransferConfig
                0x0000000008002698       0x64 Drivers/STM32F7xx_HAL_Driver/Src/stm32f7xx_hal_i2c.o
 .text.HAL_LTDC_Init
                0x00000000080026fc      0x1b8 Drivers/STM32F7xx_HAL_Driver/Src/stm32f7xx_hal_ltdc.o
                0x00000000080026fc                HAL_LTDC_Init
 .text.HAL_LTDC_MspInit
                0x00000000080028b4       0x14 Drivers/STM32F7xx_HAL_Driver/Src/stm32f7xx_hal_ltdc.o
                0x00000000080028b4                HAL_LTDC_MspInit
 .text.HAL_LTDC_IRQHandler
                0x00000000080028c8      0x158 Drivers/STM32F7xx_HAL_Driver/Src/stm32f7xx_hal_ltdc.o
                0x00000000080028c8                HAL_LTDC_IRQHandler
 .text.HAL_LTDC_ErrorCallback
                0x0000000008002a20       0x14 Drivers/STM32F7xx_HAL_Driver/Src/stm32f7xx_hal_ltdc.o
                0x0000000008002a20                HAL_LTDC_ErrorCallback
 .text.HAL_LTDC_LineEventCallback
                0x0000000008002a34       0x14 Drivers/STM32F7xx_HAL_Driver/Src/stm32f7xx_hal_ltdc.o
                0x0000000008002a34                HAL_LTDC_LineEventCallback
 .text.HAL_LTDC_ReloadEventCallback
                0x0000000008002a48       0x14 Drivers/STM32F7xx_HAL_Driver/Src/stm32f7xx_hal_ltdc.o
                0x0000000008002a48                HAL_LTDC_ReloadEventCallback
 .text.HAL_LTDC_ConfigLayer
                0x0000000008002a5c       0x7c Drivers/STM32F7xx_HAL_Driver/Src/stm32f7xx_hal_ltdc.o
                0x0000000008002a5c                HAL_LTDC_ConfigLayer
 .text.HAL_LTDC_GetState
                0x0000000008002ad8       0x1c Drivers/STM32F7xx_HAL_Driver/Src/stm32f7xx_hal_ltdc.o
                0x0000000008002ad8                HAL_LTDC_GetState
 .text.LTDC_SetConfig
                0x0000000008002af4      0x340 Drivers/STM32F7xx_HAL_Driver/Src/stm32f7xx_hal_ltdc.o
 .text.HAL_PWREx_EnableOverDrive
                0x0000000008002e34       0xa0 Drivers/STM32F7xx_HAL_Driver/Src/stm32f7xx_hal_pwr_ex.o
                0x0000000008002e34                HAL_PWREx_EnableOverDrive
 .text.HAL_RCC_OscConfig
                0x0000000008002ed4      0x548 Drivers/STM32F7xx_HAL_Driver/Src/stm32f7xx_hal_rcc.o
                0x0000000008002ed4                HAL_RCC_OscConfig
 .text.HAL_RCC_ClockConfig
                0x000000000800341c      0x1d8 Drivers/STM32F7xx_HAL_Driver/Src/stm32f7xx_hal_rcc.o
                0x000000000800341c                HAL_RCC_ClockConfig
 .text.HAL_RCC_GetSysClockFreq
                0x00000000080035f4      0x16c Drivers/STM32F7xx_HAL_Driver/Src/stm32f7xx_hal_rcc.o
                0x00000000080035f4                HAL_RCC_GetSysClockFreq
 .text.HAL_RCCEx_PeriphCLKConfig
                0x0000000008003760      0x7e0 Drivers/STM32F7xx_HAL_Driver/Src/stm32f7xx_hal_rcc_ex.o
                0x0000000008003760                HAL_RCCEx_PeriphCLKConfig
 .text.HAL_SDRAM_Init
                0x0000000008003f40       0x68 Drivers/STM32F7xx_HAL_Driver/Src/stm32f7xx_hal_sdram.o
                0x0000000008003f40                HAL_SDRAM_Init
 .text.HAL_SDRAM_MspInit
                0x0000000008003fa8       0x14 Drivers/STM32F7xx_HAL_Driver/Src/stm32f7xx_hal_sdram.o
                0x0000000008003fa8                HAL_SDRAM_MspInit
 .text.HAL_SDRAM_SendCommand
                0x0000000008003fbc       0x56 Drivers/STM32F7xx_HAL_Driver/Src/stm32f7xx_hal_sdram.o
                0x0000000008003fbc                HAL_SDRAM_SendCommand
 .text.HAL_SDRAM_ProgramRefreshRate
                0x0000000008004012       0x40 Drivers/STM32F7xx_HAL_Driver/Src/stm32f7xx_hal_sdram.o
                0x0000000008004012                HAL_SDRAM_ProgramRefreshRate
 *fill*         0x0000000008004052        0x2 
 .text.FMC_SDRAM_Init
                0x0000000008004054       0xe4 Drivers/STM32F7xx_HAL_Driver/Src/stm32f7xx_ll_fmc.o
                0x0000000008004054                FMC_SDRAM_Init
 .text.FMC_SDRAM_Timing_Init
                0x0000000008004138      0x100 Drivers/STM32F7xx_HAL_Driver/Src/stm32f7xx_ll_fmc.o
                0x0000000008004138                FMC_SDRAM_Timing_Init
 .text.FMC_SDRAM_SendCommand
                0x0000000008004238       0x42 Drivers/STM32F7xx_HAL_Driver/Src/stm32f7xx_ll_fmc.o
                0x0000000008004238                FMC_SDRAM_SendCommand
 .text.FMC_SDRAM_ProgramRefreshRate
                0x000000000800427a       0x26 Drivers/STM32F7xx_HAL_Driver/Src/stm32f7xx_ll_fmc.o
                0x000000000800427a                FMC_SDRAM_ProgramRefreshRate
 .text.ft5336_Init
                0x00000000080042a0       0x1c Peripherals/Src/ft5336.o
                0x00000000080042a0                ft5336_Init
 .text.ft5336_Reset
                0x00000000080042bc       0x16 Peripherals/Src/ft5336.o
                0x00000000080042bc                ft5336_Reset
 .text.ft5336_ReadID
                0x00000000080042d2       0x5c Peripherals/Src/ft5336.o
                0x00000000080042d2                ft5336_ReadID
 .text.ft5336_TS_Start
                0x000000000800432e       0x22 Peripherals/Src/ft5336.o
                0x000000000800432e                ft5336_TS_Start
 .text.ft5336_TS_DetectTouch
                0x0000000008004350       0x54 Peripherals/Src/ft5336.o
                0x0000000008004350                ft5336_TS_DetectTouch
 .text.ft5336_TS_GetXY
                0x00000000080043a4      0x1e0 Peripherals/Src/ft5336.o
                0x00000000080043a4                ft5336_TS_GetXY
 .text.ft5336_TS_EnableIT
                0x0000000008004584       0x28 Peripherals/Src/ft5336.o
                0x0000000008004584                ft5336_TS_EnableIT
 .text.ft5336_TS_DisableIT
                0x00000000080045ac       0x28 Peripherals/Src/ft5336.o
                0x00000000080045ac                ft5336_TS_DisableIT
 .text.ft5336_TS_ITStatus
                0x00000000080045d4       0x18 Peripherals/Src/ft5336.o
                0x00000000080045d4                ft5336_TS_ITStatus
 .text.ft5336_TS_ClearIT
                0x00000000080045ec       0x16 Peripherals/Src/ft5336.o
                0x00000000080045ec                ft5336_TS_ClearIT
 *fill*         0x0000000008004602        0x2 
 .text.ft5336_Get_I2C_InitializedStatus
                0x0000000008004604       0x18 Peripherals/Src/ft5336.o
 .text.ft5336_I2C_InitializeIfRequired
                0x000000000800461c       0x20 Peripherals/Src/ft5336.o
 .text.ft5336_TS_Configure
                0x000000000800463c       0x1c Peripherals/Src/ft5336.o
 .text.I2Cx_MspInit
                0x0000000008004658      0x160 Peripherals/Src/stm32746g_discovery.o
 .text.I2Cx_Init
                0x00000000080047b8       0x78 Peripherals/Src/stm32746g_discovery.o
 .text.I2Cx_ReadMultiple
                0x0000000008004830       0x5a Peripherals/Src/stm32746g_discovery.o
 .text.I2Cx_WriteMultiple
                0x000000000800488a       0x5a Peripherals/Src/stm32746g_discovery.o
 .text.I2Cx_Error
                0x00000000080048e4       0x20 Peripherals/Src/stm32746g_discovery.o
 .text.TS_IO_Init
                0x0000000008004904       0x14 Peripherals/Src/stm32746g_discovery.o
                0x0000000008004904                TS_IO_Init
 .text.TS_IO_Write
                0x0000000008004918       0x34 Peripherals/Src/stm32746g_discovery.o
                0x0000000008004918                TS_IO_Write
 .text.TS_IO_Read
                0x000000000800494c       0x3c Peripherals/Src/stm32746g_discovery.o
                0x000000000800494c                TS_IO_Read
 .text.TS_IO_Delay
                0x0000000008004988       0x16 Peripherals/Src/stm32746g_discovery.o
                0x0000000008004988                TS_IO_Delay
 *fill*         0x000000000800499e        0x2 
 .text.BSP_LCD_Init
                0x00000000080049a0       0xe0 Peripherals/Src/stm32746g_discovery_lcd.o
                0x00000000080049a0                BSP_LCD_Init
 .text.BSP_LCD_GetXSize
                0x0000000008004a80       0x28 Peripherals/Src/stm32746g_discovery_lcd.o
                0x0000000008004a80                BSP_LCD_GetXSize
 .text.BSP_LCD_GetYSize
                0x0000000008004aa8       0x28 Peripherals/Src/stm32746g_discovery_lcd.o
                0x0000000008004aa8                BSP_LCD_GetYSize
 .text.BSP_LCD_LayerDefaultInit
                0x0000000008004ad0       0xc0 Peripherals/Src/stm32746g_discovery_lcd.o
                0x0000000008004ad0                BSP_LCD_LayerDefaultInit
 .text.BSP_LCD_SelectLayer
                0x0000000008004b90       0x20 Peripherals/Src/stm32746g_discovery_lcd.o
                0x0000000008004b90                BSP_LCD_SelectLayer
 .text.BSP_LCD_SetBackColor
                0x0000000008004bb0       0x34 Peripherals/Src/stm32746g_discovery_lcd.o
                0x0000000008004bb0                BSP_LCD_SetBackColor
 .text.BSP_LCD_SetFont
                0x0000000008004be4       0x34 Peripherals/Src/stm32746g_discovery_lcd.o
                0x0000000008004be4                BSP_LCD_SetFont
 .text.BSP_LCD_Clear
                0x0000000008004c18       0x50 Peripherals/Src/stm32746g_discovery_lcd.o
                0x0000000008004c18                BSP_LCD_Clear
 .text.BSP_LCD_DrawPixel
                0x0000000008004c68       0x90 Peripherals/Src/stm32746g_discovery_lcd.o
                0x0000000008004c68                BSP_LCD_DrawPixel
 .text.BSP_LCD_DisplayOn
                0x0000000008004cf8       0x3c Peripherals/Src/stm32746g_discovery_lcd.o
                0x0000000008004cf8                BSP_LCD_DisplayOn
 .text.BSP_LCD_MspInit
                0x0000000008004d34      0x1b4 Peripherals/Src/stm32746g_discovery_lcd.o
                0x0000000008004d34                BSP_LCD_MspInit
 .text.BSP_LCD_ClockConfig
                0x0000000008004ee8       0x38 Peripherals/Src/stm32746g_discovery_lcd.o
                0x0000000008004ee8                BSP_LCD_ClockConfig
 .text.LL_FillBuffer
                0x0000000008004f20       0x98 Peripherals/Src/stm32746g_discovery_lcd.o
 .text.BSP_SDRAM_Init
                0x0000000008004fb8       0xbc Peripherals/Src/stm32746g_discovery_sdram.o
                0x0000000008004fb8                BSP_SDRAM_Init
 .text.BSP_SDRAM_Initialization_sequence
                0x0000000008005074       0xc0 Peripherals/Src/stm32746g_discovery_sdram.o
                0x0000000008005074                BSP_SDRAM_Initialization_sequence
 .text.BSP_SDRAM_MspInit
                0x0000000008005134      0x1f0 Peripherals/Src/stm32746g_discovery_sdram.o
                0x0000000008005134                BSP_SDRAM_MspInit
 .text.BSP_TS_Init
                0x0000000008005324       0x80 Peripherals/Src/stm32746g_discovery_ts.o
                0x0000000008005324                BSP_TS_Init
 .text.__libc_init_array
                0x00000000080053a4       0x48 c:/st/stm32cubeide_1.6.1/stm32cubeide/plugins/com.st.stm32cube.ide.mcu.externaltools.gnu-tools-for-stm32.9-2020-q2-update.win32_1.5.0.202011040924/tools/bin/../lib/gcc/arm-none-eabi/9.3.1/../../../../arm-none-eabi/lib/thumb/v7e-m+fp/hard\libc_nano.a(lib_a-init.o)
                0x00000000080053a4                __libc_init_array
 .text.memset   0x00000000080053ec       0x10 c:/st/stm32cubeide_1.6.1/stm32cubeide/plugins/com.st.stm32cube.ide.mcu.externaltools.gnu-tools-for-stm32.9-2020-q2-update.win32_1.5.0.202011040924/tools/bin/../lib/gcc/arm-none-eabi/9.3.1/../../../../arm-none-eabi/lib/thumb/v7e-m+fp/hard\libc_nano.a(lib_a-memset.o)
                0x00000000080053ec                memset
 *(.glue_7)
 .glue_7        0x00000000080053fc        0x0 linker stubs
 *(.glue_7t)
 .glue_7t       0x00000000080053fc        0x0 linker stubs
 *(.eh_frame)
 .eh_frame      0x00000000080053fc        0x0 c:/st/stm32cubeide_1.6.1/stm32cubeide/plugins/com.st.stm32cube.ide.mcu.externaltools.gnu-tools-for-stm32.9-2020-q2-update.win32_1.5.0.202011040924/tools/bin/../lib/gcc/arm-none-eabi/9.3.1/thumb/v7e-m+fp/hard/crtbegin.o
 *(.init)
 .init          0x00000000080053fc        0x4 c:/st/stm32cubeide_1.6.1/stm32cubeide/plugins/com.st.stm32cube.ide.mcu.externaltools.gnu-tools-for-stm32.9-2020-q2-update.win32_1.5.0.202011040924/tools/bin/../lib/gcc/arm-none-eabi/9.3.1/thumb/v7e-m+fp/hard/crti.o
                0x00000000080053fc                _init
 .init          0x0000000008005400        0x8 c:/st/stm32cubeide_1.6.1/stm32cubeide/plugins/com.st.stm32cube.ide.mcu.externaltools.gnu-tools-for-stm32.9-2020-q2-update.win32_1.5.0.202011040924/tools/bin/../lib/gcc/arm-none-eabi/9.3.1/thumb/v7e-m+fp/hard/crtn.o
 *(.fini)
 .fini          0x0000000008005408        0x4 c:/st/stm32cubeide_1.6.1/stm32cubeide/plugins/com.st.stm32cube.ide.mcu.externaltools.gnu-tools-for-stm32.9-2020-q2-update.win32_1.5.0.202011040924/tools/bin/../lib/gcc/arm-none-eabi/9.3.1/thumb/v7e-m+fp/hard/crti.o
                0x0000000008005408                _fini
 .fini          0x000000000800540c        0x8 c:/st/stm32cubeide_1.6.1/stm32cubeide/plugins/com.st.stm32cube.ide.mcu.externaltools.gnu-tools-for-stm32.9-2020-q2-update.win32_1.5.0.202011040924/tools/bin/../lib/gcc/arm-none-eabi/9.3.1/thumb/v7e-m+fp/hard/crtn.o
                0x0000000008005414                . = ALIGN (0x4)
                0x0000000008005414                _etext = .

.vfp11_veneer   0x0000000008005414        0x0
 .vfp11_veneer  0x0000000008005414        0x0 linker stubs

.v4_bx          0x0000000008005414        0x0
 .v4_bx         0x0000000008005414        0x0 linker stubs

.iplt           0x0000000008005414        0x0
 .iplt          0x0000000008005414        0x0 c:/st/stm32cubeide_1.6.1/stm32cubeide/plugins/com.st.stm32cube.ide.mcu.externaltools.gnu-tools-for-stm32.9-2020-q2-update.win32_1.5.0.202011040924/tools/bin/../lib/gcc/arm-none-eabi/9.3.1/thumb/v7e-m+fp/hard/crtbegin.o

.rodata         0x0000000008005414    0x49ed0
                0x0000000008005414                . = ALIGN (0x4)
 *(.rodata)
 *(.rodata*)
 .rodata.argb_img
                0x0000000008005414    0x48400 Core/Src/main.o
                0x0000000008005414                argb_img
 .rodata.AHBPrescTable
                0x000000000804d814       0x10 Core/Src/system_stm32f7xx.o
                0x000000000804d814                AHBPrescTable
 .rodata.flagBitshiftOffset.8983
                0x000000000804d824        0x8 Drivers/STM32F7xx_HAL_Driver/Src/stm32f7xx_hal_dma.o
 .rodata.Font24_Table
                0x000000000804d82c     0x1ab8 Peripherals/Src/font24.o
                0x000000000804d82c                Font24_Table
                0x000000000804f2e4                . = ALIGN (0x4)

.ARM.extab      0x000000000804f2e4        0x0
                0x000000000804f2e4                . = ALIGN (0x4)
 *(.ARM.extab* .gnu.linkonce.armextab.*)
                0x000000000804f2e4                . = ALIGN (0x4)

.ARM            0x000000000804f2e4        0x8
                0x000000000804f2e4                . = ALIGN (0x4)
                0x000000000804f2e4                __exidx_start = .
 *(.ARM.exidx*)
 .ARM.exidx     0x000000000804f2e4        0x8 c:/st/stm32cubeide_1.6.1/stm32cubeide/plugins/com.st.stm32cube.ide.mcu.externaltools.gnu-tools-for-stm32.9-2020-q2-update.win32_1.5.0.202011040924/tools/bin/../lib/gcc/arm-none-eabi/9.3.1/thumb/v7e-m+fp/hard\libgcc.a(_udivmoddi4.o)
                0x000000000804f2ec                __exidx_end = .
                0x000000000804f2ec                . = ALIGN (0x4)

.rel.dyn        0x000000000804f2ec        0x0
 .rel.iplt      0x000000000804f2ec        0x0 c:/st/stm32cubeide_1.6.1/stm32cubeide/plugins/com.st.stm32cube.ide.mcu.externaltools.gnu-tools-for-stm32.9-2020-q2-update.win32_1.5.0.202011040924/tools/bin/../lib/gcc/arm-none-eabi/9.3.1/thumb/v7e-m+fp/hard/crtbegin.o

.preinit_array  0x000000000804f2ec        0x0
                0x000000000804f2ec                . = ALIGN (0x4)
                0x000000000804f2ec                PROVIDE (__preinit_array_start = .)
 *(.preinit_array*)
                0x000000000804f2ec                PROVIDE (__preinit_array_end = .)
                0x000000000804f2ec                . = ALIGN (0x4)

.init_array     0x000000000804f2ec        0x4
                0x000000000804f2ec                . = ALIGN (0x4)
                0x000000000804f2ec                PROVIDE (__init_array_start = .)
 *(SORT_BY_NAME(.init_array.*))
 *(.init_array*)
 .init_array    0x000000000804f2ec        0x4 c:/st/stm32cubeide_1.6.1/stm32cubeide/plugins/com.st.stm32cube.ide.mcu.externaltools.gnu-tools-for-stm32.9-2020-q2-update.win32_1.5.0.202011040924/tools/bin/../lib/gcc/arm-none-eabi/9.3.1/thumb/v7e-m+fp/hard/crtbegin.o
                0x000000000804f2f0                PROVIDE (__init_array_end = .)
                0x000000000804f2f0                . = ALIGN (0x4)

.fini_array     0x000000000804f2f0        0x4
                0x000000000804f2f0                . = ALIGN (0x4)
                [!provide]                        PROVIDE (__fini_array_start = .)
 *(SORT_BY_NAME(.fini_array.*))
 *(.fini_array*)
 .fini_array    0x000000000804f2f0        0x4 c:/st/stm32cubeide_1.6.1/stm32cubeide/plugins/com.st.stm32cube.ide.mcu.externaltools.gnu-tools-for-stm32.9-2020-q2-update.win32_1.5.0.202011040924/tools/bin/../lib/gcc/arm-none-eabi/9.3.1/thumb/v7e-m+fp/hard/crtbegin.o
                [!provide]                        PROVIDE (__fini_array_end = .)
                0x000000000804f2f4                . = ALIGN (0x4)
                0x000000000804f2f4                _sidata = LOADADDR (.data)

.data           0x0000000020000000       0x40 load address 0x000000000804f2f4
                0x0000000020000000                . = ALIGN (0x4)
                0x0000000020000000                _sdata = .
 *(.data)
 *(.data*)
 .data.SystemCoreClock
                0x0000000020000000        0x4 Core/Src/system_stm32f7xx.o
                0x0000000020000000                SystemCoreClock
 .data.uwTickPrio
                0x0000000020000004        0x4 Drivers/STM32F7xx_HAL_Driver/Src/stm32f7xx_hal.o
                0x0000000020000004                uwTickPrio
 .data.uwTickFreq
                0x0000000020000008        0x1 Drivers/STM32F7xx_HAL_Driver/Src/stm32f7xx_hal.o
                0x0000000020000008                uwTickFreq
 *fill*         0x0000000020000009        0x3 
 .data.Font24   0x000000002000000c        0x8 Peripherals/Src/font24.o
                0x000000002000000c                Font24
 .data.ft5336_ts_drv
                0x0000000020000014       0x28 Peripherals/Src/ft5336.o
                0x0000000020000014                ft5336_ts_drv
 .data.sdramstatus.8899
                0x000000002000003c        0x1 Peripherals/Src/stm32746g_discovery_sdram.o
 *(.RamFunc)
 *(.RamFunc*)
                0x0000000020000040                . = ALIGN (0x4)
 *fill*         0x000000002000003d        0x3 
                0x0000000020000040                _edata = .

.igot.plt       0x0000000020000040        0x0 load address 0x000000000804f334
 .igot.plt      0x0000000020000040        0x0 c:/st/stm32cubeide_1.6.1/stm32cubeide/plugins/com.st.stm32cube.ide.mcu.externaltools.gnu-tools-for-stm32.9-2020-q2-update.win32_1.5.0.202011040924/tools/bin/../lib/gcc/arm-none-eabi/9.3.1/thumb/v7e-m+fp/hard/crtbegin.o
                0x0000000020000040                . = ALIGN (0x4)

.bss            0x0000000020000040      0x3a0 load address 0x000000000804f334
                0x0000000020000040                _sbss = .
                0x0000000020000040                __bss_start__ = _sbss
 *(.bss)
 .bss           0x0000000020000040       0x1c c:/st/stm32cubeide_1.6.1/stm32cubeide/plugins/com.st.stm32cube.ide.mcu.externaltools.gnu-tools-for-stm32.9-2020-q2-update.win32_1.5.0.202011040924/tools/bin/../lib/gcc/arm-none-eabi/9.3.1/thumb/v7e-m+fp/hard/crtbegin.o
 *(.bss*)
 .bss.ft5336_handle
                0x000000002000005c        0x3 Peripherals/Src/ft5336.o
 *fill*         0x000000002000005f        0x1 
 .bss.coord.5659
                0x0000000020000060        0x2 Peripherals/Src/ft5336.o
 *fill*         0x0000000020000062        0x2 
 .bss.hI2cAudioHandler
                0x0000000020000064       0x4c Peripherals/Src/stm32746g_discovery.o
 .bss.hDma2dHandler
                0x00000000200000b0       0x40 Peripherals/Src/stm32746g_discovery_lcd.o
 .bss.ActiveLayer
                0x00000000200000f0        0x4 Peripherals/Src/stm32746g_discovery_lcd.o
 .bss.DrawProp  0x00000000200000f4       0x18 Peripherals/Src/stm32746g_discovery_lcd.o
 .bss.periph_clk_init_struct.9466
                0x000000002000010c       0x84 Peripherals/Src/stm32746g_discovery_lcd.o
 .bss.Timing    0x0000000020000190       0x1c Peripherals/Src/stm32746g_discovery_sdram.o
 .bss.Command   0x00000000200001ac       0x10 Peripherals/Src/stm32746g_discovery_sdram.o
 .bss.dma_handle.8935
                0x00000000200001bc       0x60 Peripherals/Src/stm32746g_discovery_sdram.o
 .bss.tsDriver  0x000000002000021c        0x4 Peripherals/Src/stm32746g_discovery_ts.o
 .bss.tsXBoundary
                0x0000000020000220        0x2 Peripherals/Src/stm32746g_discovery_ts.o
 .bss.tsYBoundary
                0x0000000020000222        0x2 Peripherals/Src/stm32746g_discovery_ts.o
 .bss.tsOrientation
                0x0000000020000224        0x1 Peripherals/Src/stm32746g_discovery_ts.o
 .bss.I2cAddress
                0x0000000020000225        0x1 Peripherals/Src/stm32746g_discovery_ts.o
 *(COMMON)
 *fill*         0x0000000020000226        0x2 
 COMMON         0x0000000020000228       0xd8 Core/Src/main.o
                0x0000000020000228                ySize
                0x000000002000022c                xSize
                0x0000000020000230                hcrc
                0x0000000020000254                ts
                0x0000000020000280                oldTs
                0x00000000200002ac                xTouchStr
                0x00000000200002c0                hdma2d
 COMMON         0x0000000020000300        0x4 Drivers/STM32F7xx_HAL_Driver/Src/stm32f7xx_hal.o
                0x0000000020000300                uwTick
 COMMON         0x0000000020000304       0xa8 Peripherals/Src/stm32746g_discovery_lcd.o
                0x0000000020000304                hLtdcHandler
 COMMON         0x00000000200003ac       0x34 Peripherals/Src/stm32746g_discovery_sdram.o
                0x00000000200003ac                sdramHandle
                0x00000000200003e0                . = ALIGN (0x4)
                0x00000000200003e0                _ebss = .
                0x00000000200003e0                __bss_end__ = _ebss

._user_heap_stack
                0x00000000200003e0      0x600 load address 0x000000000804f334
                0x00000000200003e0                . = ALIGN (0x8)
                [!provide]                        PROVIDE (end = .)
                0x00000000200003e0                PROVIDE (_end = .)
                0x00000000200005e0                . = (. + _Min_Heap_Size)
 *fill*         0x00000000200003e0      0x200 
                0x00000000200009e0                . = (. + _Min_Stack_Size)
 *fill*         0x00000000200005e0      0x400 
                0x00000000200009e0                . = ALIGN (0x8)

/DISCARD/
 libc.a(*)
 libm.a(*)
 libgcc.a(*)

.ARM.attributes
                0x0000000000000000       0x30
 *(.ARM.attributes)
 .ARM.attributes
                0x0000000000000000       0x1e c:/st/stm32cubeide_1.6.1/stm32cubeide/plugins/com.st.stm32cube.ide.mcu.externaltools.gnu-tools-for-stm32.9-2020-q2-update.win32_1.5.0.202011040924/tools/bin/../lib/gcc/arm-none-eabi/9.3.1/thumb/v7e-m+fp/hard/crti.o
 .ARM.attributes
                0x000000000000001e       0x34 c:/st/stm32cubeide_1.6.1/stm32cubeide/plugins/com.st.stm32cube.ide.mcu.externaltools.gnu-tools-for-stm32.9-2020-q2-update.win32_1.5.0.202011040924/tools/bin/../lib/gcc/arm-none-eabi/9.3.1/thumb/v7e-m+fp/hard/crtbegin.o
 .ARM.attributes
                0x0000000000000052       0x34 Core/Src/main.o
 .ARM.attributes
                0x0000000000000086       0x34 Core/Src/stm32f7xx_hal_msp.o
 .ARM.attributes
                0x00000000000000ba       0x34 Core/Src/stm32f7xx_it.o
 .ARM.attributes
                0x00000000000000ee       0x34 Core/Src/system_stm32f7xx.o
 .ARM.attributes
                0x0000000000000122       0x21 Core/Startup/startup_stm32f746nghx.o
 .ARM.attributes
                0x0000000000000143       0x34 Drivers/STM32F7xx_HAL_Driver/Src/stm32f7xx_hal.o
 .ARM.attributes
                0x0000000000000177       0x34 Drivers/STM32F7xx_HAL_Driver/Src/stm32f7xx_hal_cortex.o
 .ARM.attributes
                0x00000000000001ab       0x34 Drivers/STM32F7xx_HAL_Driver/Src/stm32f7xx_hal_crc.o
 .ARM.attributes
                0x00000000000001df       0x34 Drivers/STM32F7xx_HAL_Driver/Src/stm32f7xx_hal_crc_ex.o
 .ARM.attributes
                0x0000000000000213       0x34 Drivers/STM32F7xx_HAL_Driver/Src/stm32f7xx_hal_dma.o
 .ARM.attributes
                0x0000000000000247       0x34 Drivers/STM32F7xx_HAL_Driver/Src/stm32f7xx_hal_dma2d.o
 .ARM.attributes
                0x000000000000027b       0x34 Drivers/STM32F7xx_HAL_Driver/Src/stm32f7xx_hal_gpio.o
 .ARM.attributes
                0x00000000000002af       0x34 Drivers/STM32F7xx_HAL_Driver/Src/stm32f7xx_hal_i2c.o
 .ARM.attributes
                0x00000000000002e3       0x34 Drivers/STM32F7xx_HAL_Driver/Src/stm32f7xx_hal_ltdc.o
 .ARM.attributes
                0x0000000000000317       0x34 Drivers/STM32F7xx_HAL_Driver/Src/stm32f7xx_hal_pwr_ex.o
 .ARM.attributes
                0x000000000000034b       0x34 Drivers/STM32F7xx_HAL_Driver/Src/stm32f7xx_hal_rcc.o
 .ARM.attributes
                0x000000000000037f       0x34 Drivers/STM32F7xx_HAL_Driver/Src/stm32f7xx_hal_rcc_ex.o
 .ARM.attributes
                0x00000000000003b3       0x34 Drivers/STM32F7xx_HAL_Driver/Src/stm32f7xx_hal_sdram.o
 .ARM.attributes
                0x00000000000003e7       0x34 Drivers/STM32F7xx_HAL_Driver/Src/stm32f7xx_ll_fmc.o
 .ARM.attributes
                0x000000000000041b       0x39 Peripherals/Src/font24.o
 .ARM.attributes
                0x0000000000000454       0x34 Peripherals/Src/ft5336.o
 .ARM.attributes
                0x0000000000000488       0x34 Peripherals/Src/stm32746g_discovery.o
 .ARM.attributes
                0x00000000000004bc       0x34 Peripherals/Src/stm32746g_discovery_lcd.o
 .ARM.attributes
                0x00000000000004f0       0x34 Peripherals/Src/stm32746g_discovery_sdram.o
 .ARM.attributes
                0x0000000000000524       0x34 Peripherals/Src/stm32746g_discovery_ts.o
 .ARM.attributes
                0x0000000000000558       0x34 c:/st/stm32cubeide_1.6.1/stm32cubeide/plugins/com.st.stm32cube.ide.mcu.externaltools.gnu-tools-for-stm32.9-2020-q2-update.win32_1.5.0.202011040924/tools/bin/../lib/gcc/arm-none-eabi/9.3.1/../../../../arm-none-eabi/lib/thumb/v7e-m+fp/hard\libc_nano.a(lib_a-init.o)
 .ARM.attributes
                0x000000000000058c       0x34 c:/st/stm32cubeide_1.6.1/stm32cubeide/plugins/com.st.stm32cube.ide.mcu.externaltools.gnu-tools-for-stm32.9-2020-q2-update.win32_1.5.0.202011040924/tools/bin/../lib/gcc/arm-none-eabi/9.3.1/../../../../arm-none-eabi/lib/thumb/v7e-m+fp/hard\libc_nano.a(lib_a-memset.o)
 .ARM.attributes
                0x00000000000005c0       0x1e c:/st/stm32cubeide_1.6.1/stm32cubeide/plugins/com.st.stm32cube.ide.mcu.externaltools.gnu-tools-for-stm32.9-2020-q2-update.win32_1.5.0.202011040924/tools/bin/../lib/gcc/arm-none-eabi/9.3.1/thumb/v7e-m+fp/hard\libgcc.a(_aeabi_uldivmod.o)
 .ARM.attributes
                0x00000000000005de       0x34 c:/st/stm32cubeide_1.6.1/stm32cubeide/plugins/com.st.stm32cube.ide.mcu.externaltools.gnu-tools-for-stm32.9-2020-q2-update.win32_1.5.0.202011040924/tools/bin/../lib/gcc/arm-none-eabi/9.3.1/thumb/v7e-m+fp/hard\libgcc.a(_udivmoddi4.o)
 .ARM.attributes
                0x0000000000000612       0x1e c:/st/stm32cubeide_1.6.1/stm32cubeide/plugins/com.st.stm32cube.ide.mcu.externaltools.gnu-tools-for-stm32.9-2020-q2-update.win32_1.5.0.202011040924/tools/bin/../lib/gcc/arm-none-eabi/9.3.1/thumb/v7e-m+fp/hard\libgcc.a(_dvmd_tls.o)
 .ARM.attributes
                0x0000000000000630       0x1e c:/st/stm32cubeide_1.6.1/stm32cubeide/plugins/com.st.stm32cube.ide.mcu.externaltools.gnu-tools-for-stm32.9-2020-q2-update.win32_1.5.0.202011040924/tools/bin/../lib/gcc/arm-none-eabi/9.3.1/thumb/v7e-m+fp/hard/crtn.o
OUTPUT(001_STM32F746G-DISCO_LCD.elf elf32-littlearm)
LOAD linker stubs
LOAD c:/st/stm32cubeide_1.6.1/stm32cubeide/plugins/com.st.stm32cube.ide.mcu.externaltools.gnu-tools-for-stm32.9-2020-q2-update.win32_1.5.0.202011040924/tools/bin/../lib/gcc/arm-none-eabi/9.3.1/../../../../arm-none-eabi/lib/thumb/v7e-m+fp/hard\libc.a
LOAD c:/st/stm32cubeide_1.6.1/stm32cubeide/plugins/com.st.stm32cube.ide.mcu.externaltools.gnu-tools-for-stm32.9-2020-q2-update.win32_1.5.0.202011040924/tools/bin/../lib/gcc/arm-none-eabi/9.3.1/../../../../arm-none-eabi/lib/thumb/v7e-m+fp/hard\libm.a
LOAD c:/st/stm32cubeide_1.6.1/stm32cubeide/plugins/com.st.stm32cube.ide.mcu.externaltools.gnu-tools-for-stm32.9-2020-q2-update.win32_1.5.0.202011040924/tools/bin/../lib/gcc/arm-none-eabi/9.3.1/thumb/v7e-m+fp/hard\libgcc.a

.debug_info     0x0000000000000000    0x14cc0
 .debug_info    0x0000000000000000     0x1db6 Core/Src/main.o
 .debug_info    0x0000000000001db6      0xb2e Core/Src/stm32f7xx_hal_msp.o
 .debug_info    0x00000000000028e4      0x7ee Core/Src/stm32f7xx_it.o
 .debug_info    0x00000000000030d2      0x7ad Core/Src/system_stm32f7xx.o
 .debug_info    0x000000000000387f       0x22 Core/Startup/startup_stm32f746nghx.o
 .debug_info    0x00000000000038a1      0xa42 Drivers/STM32F7xx_HAL_Driver/Src/stm32f7xx_hal.o
 .debug_info    0x00000000000042e3     0x1116 Drivers/STM32F7xx_HAL_Driver/Src/stm32f7xx_hal_cortex.o
 .debug_info    0x00000000000053f9      0x630 Drivers/STM32F7xx_HAL_Driver/Src/stm32f7xx_hal_crc.o
 .debug_info    0x0000000000005a29      0x463 Drivers/STM32F7xx_HAL_Driver/Src/stm32f7xx_hal_crc_ex.o
 .debug_info    0x0000000000005e8c      0x9f1 Drivers/STM32F7xx_HAL_Driver/Src/stm32f7xx_hal_dma.o
 .debug_info    0x000000000000687d     0x1067 Drivers/STM32F7xx_HAL_Driver/Src/stm32f7xx_hal_dma2d.o
 .debug_info    0x00000000000078e4      0x868 Drivers/STM32F7xx_HAL_Driver/Src/stm32f7xx_hal_gpio.o
 .debug_info    0x000000000000814c     0x228e Drivers/STM32F7xx_HAL_Driver/Src/stm32f7xx_hal_i2c.o
 .debug_info    0x000000000000a3da     0x11fe Drivers/STM32F7xx_HAL_Driver/Src/stm32f7xx_hal_ltdc.o
 .debug_info    0x000000000000b5d8      0x9f6 Drivers/STM32F7xx_HAL_Driver/Src/stm32f7xx_hal_pwr_ex.o
 .debug_info    0x000000000000bfce      0x9cc Drivers/STM32F7xx_HAL_Driver/Src/stm32f7xx_hal_rcc.o
 .debug_info    0x000000000000c99a      0x82c Drivers/STM32F7xx_HAL_Driver/Src/stm32f7xx_hal_rcc_ex.o
 .debug_info    0x000000000000d1c6      0xd59 Drivers/STM32F7xx_HAL_Driver/Src/stm32f7xx_hal_sdram.o
 .debug_info    0x000000000000df1f      0xd96 Drivers/STM32F7xx_HAL_Driver/Src/stm32f7xx_ll_fmc.o
 .debug_info    0x000000000000ecb5      0x157 Peripherals/Src/font24.o
 .debug_info    0x000000000000ee0c      0x5dc Peripherals/Src/ft5336.o
 .debug_info    0x000000000000f3e8     0x1b2f Peripherals/Src/stm32746g_discovery.o
 .debug_info    0x0000000000010f17     0x237f Peripherals/Src/stm32746g_discovery_lcd.o
 .debug_info    0x0000000000013296      0xfe8 Peripherals/Src/stm32746g_discovery_sdram.o
 .debug_info    0x000000000001427e      0xa42 Peripherals/Src/stm32746g_discovery_ts.o

.debug_abbrev   0x0000000000000000     0x3251
 .debug_abbrev  0x0000000000000000      0x344 Core/Src/main.o
 .debug_abbrev  0x0000000000000344      0x1bf Core/Src/stm32f7xx_hal_msp.o
 .debug_abbrev  0x0000000000000503      0x178 Core/Src/stm32f7xx_it.o
 .debug_abbrev  0x000000000000067b      0x165 Core/Src/system_stm32f7xx.o
 .debug_abbrev  0x00000000000007e0       0x12 Core/Startup/startup_stm32f746nghx.o
 .debug_abbrev  0x00000000000007f2      0x1ed Drivers/STM32F7xx_HAL_Driver/Src/stm32f7xx_hal.o
 .debug_abbrev  0x00000000000009df      0x33c Drivers/STM32F7xx_HAL_Driver/Src/stm32f7xx_hal_cortex.o
 .debug_abbrev  0x0000000000000d1b      0x1f9 Drivers/STM32F7xx_HAL_Driver/Src/stm32f7xx_hal_crc.o
 .debug_abbrev  0x0000000000000f14      0x185 Drivers/STM32F7xx_HAL_Driver/Src/stm32f7xx_hal_crc_ex.o
 .debug_abbrev  0x0000000000001099      0x259 Drivers/STM32F7xx_HAL_Driver/Src/stm32f7xx_hal_dma.o
 .debug_abbrev  0x00000000000012f2      0x23f Drivers/STM32F7xx_HAL_Driver/Src/stm32f7xx_hal_dma2d.o
 .debug_abbrev  0x0000000000001531      0x1f1 Drivers/STM32F7xx_HAL_Driver/Src/stm32f7xx_hal_gpio.o
 .debug_abbrev  0x0000000000001722      0x256 Drivers/STM32F7xx_HAL_Driver/Src/stm32f7xx_hal_i2c.o
 .debug_abbrev  0x0000000000001978      0x260 Drivers/STM32F7xx_HAL_Driver/Src/stm32f7xx_hal_ltdc.o
 .debug_abbrev  0x0000000000001bd8      0x1dc Drivers/STM32F7xx_HAL_Driver/Src/stm32f7xx_hal_pwr_ex.o
 .debug_abbrev  0x0000000000001db4      0x246 Drivers/STM32F7xx_HAL_Driver/Src/stm32f7xx_hal_rcc.o
 .debug_abbrev  0x0000000000001ffa      0x1d1 Drivers/STM32F7xx_HAL_Driver/Src/stm32f7xx_hal_rcc_ex.o
 .debug_abbrev  0x00000000000021cb      0x221 Drivers/STM32F7xx_HAL_Driver/Src/stm32f7xx_hal_sdram.o
 .debug_abbrev  0x00000000000023ec      0x18e Drivers/STM32F7xx_HAL_Driver/Src/stm32f7xx_ll_fmc.o
 .debug_abbrev  0x000000000000257a       0xb1 Peripherals/Src/font24.o
 .debug_abbrev  0x000000000000262b      0x212 Peripherals/Src/ft5336.o
 .debug_abbrev  0x000000000000283d      0x2bd Peripherals/Src/stm32746g_discovery.o
 .debug_abbrev  0x0000000000002afa      0x2ba Peripherals/Src/stm32746g_discovery_lcd.o
 .debug_abbrev  0x0000000000002db4      0x244 Peripherals/Src/stm32746g_discovery_sdram.o
 .debug_abbrev  0x0000000000002ff8      0x259 Peripherals/Src/stm32746g_discovery_ts.o

.debug_aranges  0x0000000000000000     0x1140
 .debug_aranges
                0x0000000000000000       0x60 Core/Src/main.o
 .debug_aranges
                0x0000000000000060       0x40 Core/Src/stm32f7xx_hal_msp.o
 .debug_aranges
                0x00000000000000a0       0x68 Core/Src/stm32f7xx_it.o
 .debug_aranges
                0x0000000000000108       0x28 Core/Src/system_stm32f7xx.o
 .debug_aranges
                0x0000000000000130       0x28 Core/Startup/startup_stm32f746nghx.o
 .debug_aranges
                0x0000000000000158      0x100 Drivers/STM32F7xx_HAL_Driver/Src/stm32f7xx_hal.o
 .debug_aranges
                0x0000000000000258      0x118 Drivers/STM32F7xx_HAL_Driver/Src/stm32f7xx_hal_cortex.o
 .debug_aranges
                0x0000000000000370       0x60 Drivers/STM32F7xx_HAL_Driver/Src/stm32f7xx_hal_crc.o
 .debug_aranges
                0x00000000000003d0       0x30 Drivers/STM32F7xx_HAL_Driver/Src/stm32f7xx_hal_crc_ex.o
 .debug_aranges
                0x0000000000000400       0x90 Drivers/STM32F7xx_HAL_Driver/Src/stm32f7xx_hal_dma.o
 .debug_aranges
                0x0000000000000490      0x118 Drivers/STM32F7xx_HAL_Driver/Src/stm32f7xx_hal_dma2d.o
 .debug_aranges
                0x00000000000005a8       0x58 Drivers/STM32F7xx_HAL_Driver/Src/stm32f7xx_hal_gpio.o
 .debug_aranges
                0x0000000000000600      0x290 Drivers/STM32F7xx_HAL_Driver/Src/stm32f7xx_hal_i2c.o
 .debug_aranges
                0x0000000000000890      0x158 Drivers/STM32F7xx_HAL_Driver/Src/stm32f7xx_hal_ltdc.o
 .debug_aranges
                0x00000000000009e8       0x80 Drivers/STM32F7xx_HAL_Driver/Src/stm32f7xx_hal_pwr_ex.o
 .debug_aranges
                0x0000000000000a68       0x88 Drivers/STM32F7xx_HAL_Driver/Src/stm32f7xx_hal_rcc.o
 .debug_aranges
                0x0000000000000af0       0x50 Drivers/STM32F7xx_HAL_Driver/Src/stm32f7xx_hal_rcc_ex.o
 .debug_aranges
                0x0000000000000b40       0xd0 Drivers/STM32F7xx_HAL_Driver/Src/stm32f7xx_hal_sdram.o
 .debug_aranges
                0x0000000000000c10       0xc8 Drivers/STM32F7xx_HAL_Driver/Src/stm32f7xx_ll_fmc.o
 .debug_aranges
                0x0000000000000cd8       0x18 Peripherals/Src/font24.o
 .debug_aranges
                0x0000000000000cf0       0x90 Peripherals/Src/ft5336.o
 .debug_aranges
                0x0000000000000d80      0x128 Peripherals/Src/stm32746g_discovery.o
 .debug_aranges
                0x0000000000000ea8      0x1d8 Peripherals/Src/stm32746g_discovery_lcd.o
 .debug_aranges
                0x0000000000001080       0x68 Peripherals/Src/stm32746g_discovery_sdram.o
 .debug_aranges
                0x00000000000010e8       0x58 Peripherals/Src/stm32746g_discovery_ts.o

.debug_ranges   0x0000000000000000      0xfb0
 .debug_ranges  0x0000000000000000       0x50 Core/Src/main.o
 .debug_ranges  0x0000000000000050       0x30 Core/Src/stm32f7xx_hal_msp.o
 .debug_ranges  0x0000000000000080       0x58 Core/Src/stm32f7xx_it.o
 .debug_ranges  0x00000000000000d8       0x18 Core/Src/system_stm32f7xx.o
 .debug_ranges  0x00000000000000f0       0x20 Core/Startup/startup_stm32f746nghx.o
 .debug_ranges  0x0000000000000110       0xf0 Drivers/STM32F7xx_HAL_Driver/Src/stm32f7xx_hal.o
 .debug_ranges  0x0000000000000200      0x108 Drivers/STM32F7xx_HAL_Driver/Src/stm32f7xx_hal_cortex.o
 .debug_ranges  0x0000000000000308       0x50 Drivers/STM32F7xx_HAL_Driver/Src/stm32f7xx_hal_crc.o
 .debug_ranges  0x0000000000000358       0x20 Drivers/STM32F7xx_HAL_Driver/Src/stm32f7xx_hal_crc_ex.o
 .debug_ranges  0x0000000000000378       0x80 Drivers/STM32F7xx_HAL_Driver/Src/stm32f7xx_hal_dma.o
 .debug_ranges  0x00000000000003f8      0x108 Drivers/STM32F7xx_HAL_Driver/Src/stm32f7xx_hal_dma2d.o
 .debug_ranges  0x0000000000000500       0x48 Drivers/STM32F7xx_HAL_Driver/Src/stm32f7xx_hal_gpio.o
 .debug_ranges  0x0000000000000548      0x280 Drivers/STM32F7xx_HAL_Driver/Src/stm32f7xx_hal_i2c.o
 .debug_ranges  0x00000000000007c8      0x148 Drivers/STM32F7xx_HAL_Driver/Src/stm32f7xx_hal_ltdc.o
 .debug_ranges  0x0000000000000910       0x70 Drivers/STM32F7xx_HAL_Driver/Src/stm32f7xx_hal_pwr_ex.o
 .debug_ranges  0x0000000000000980       0x78 Drivers/STM32F7xx_HAL_Driver/Src/stm32f7xx_hal_rcc.o
 .debug_ranges  0x00000000000009f8       0x40 Drivers/STM32F7xx_HAL_Driver/Src/stm32f7xx_hal_rcc_ex.o
 .debug_ranges  0x0000000000000a38       0xc0 Drivers/STM32F7xx_HAL_Driver/Src/stm32f7xx_hal_sdram.o
 .debug_ranges  0x0000000000000af8       0xb8 Drivers/STM32F7xx_HAL_Driver/Src/stm32f7xx_ll_fmc.o
 .debug_ranges  0x0000000000000bb0       0x80 Peripherals/Src/ft5336.o
 .debug_ranges  0x0000000000000c30      0x118 Peripherals/Src/stm32746g_discovery.o
 .debug_ranges  0x0000000000000d48      0x1c8 Peripherals/Src/stm32746g_discovery_lcd.o
 .debug_ranges  0x0000000000000f10       0x58 Peripherals/Src/stm32746g_discovery_sdram.o
 .debug_ranges  0x0000000000000f68       0x48 Peripherals/Src/stm32746g_discovery_ts.o

.debug_macro    0x0000000000000000    0x28043
 .debug_macro   0x0000000000000000      0x427 Core/Src/main.o
 .debug_macro   0x0000000000000427      0xaa8 Core/Src/main.o
 .debug_macro   0x0000000000000ecf      0x2a5 Core/Src/main.o
 .debug_macro   0x0000000000001174       0x2e Core/Src/main.o
 .debug_macro   0x00000000000011a2       0x3b Core/Src/main.o
 .debug_macro   0x00000000000011dd       0x22 Core/Src/main.o
 .debug_macro   0x00000000000011ff       0x8e Core/Src/main.o
 .debug_macro   0x000000000000128d       0x51 Core/Src/main.o
 .debug_macro   0x00000000000012de      0x103 Core/Src/main.o
 .debug_macro   0x00000000000013e1       0x6a Core/Src/main.o
 .debug_macro   0x000000000000144b      0x1df Core/Src/main.o
 .debug_macro   0x000000000000162a       0x1c Core/Src/main.o
 .debug_macro   0x0000000000001646       0x22 Core/Src/main.o
 .debug_macro   0x0000000000001668       0xdf Core/Src/main.o
 .debug_macro   0x0000000000001747     0x12cd Core/Src/main.o
 .debug_macro   0x0000000000002a14      0x11f Core/Src/main.o
 .debug_macro   0x0000000000002b33       0x19 Core/Src/main.o
 .debug_macro   0x0000000000002b4c    0x191da Core/Src/main.o
 .debug_macro   0x000000000001bd26       0x6d Core/Src/main.o
 .debug_macro   0x000000000001bd93     0x3714 Core/Src/main.o
 .debug_macro   0x000000000001f4a7      0x174 Core/Src/main.o
 .debug_macro   0x000000000001f61b       0x63 Core/Src/main.o
 .debug_macro   0x000000000001f67e     0x18ad Core/Src/main.o
 .debug_macro   0x0000000000020f2b      0x6c4 Core/Src/main.o
 .debug_macro   0x00000000000215ef      0x185 Core/Src/main.o
 .debug_macro   0x0000000000021774      0x115 Core/Src/main.o
 .debug_macro   0x0000000000021889      0x1fd Core/Src/main.o
 .debug_macro   0x0000000000021a86       0xa5 Core/Src/main.o
 .debug_macro   0x0000000000021b2b      0x24f Core/Src/main.o
 .debug_macro   0x0000000000021d7a       0x41 Core/Src/main.o
 .debug_macro   0x0000000000021dbb       0x58 Core/Src/main.o
 .debug_macro   0x0000000000021e13      0x236 Core/Src/main.o
 .debug_macro   0x0000000000022049       0xc7 Core/Src/main.o
 .debug_macro   0x0000000000022110       0x4c Core/Src/main.o
 .debug_macro   0x000000000002215c      0x208 Core/Src/main.o
 .debug_macro   0x0000000000022364      0x14e Core/Src/main.o
 .debug_macro   0x00000000000224b2      0x25a Core/Src/main.o
 .debug_macro   0x000000000002270c       0x12 Core/Src/main.o
 .debug_macro   0x000000000002271e      0x516 Core/Src/main.o
 .debug_macro   0x0000000000022c34      0x22c Core/Src/main.o
 .debug_macro   0x0000000000022e60       0x61 Core/Src/main.o
 .debug_macro   0x0000000000022ec1       0xa5 Core/Src/main.o
 .debug_macro   0x0000000000022f66      0x255 Core/Src/main.o
 .debug_macro   0x00000000000231bb      0x12e Core/Src/main.o
 .debug_macro   0x00000000000232e9      0x108 Core/Src/main.o
 .debug_macro   0x00000000000233f1       0x35 Core/Src/main.o
 .debug_macro   0x0000000000023426      0x4e8 Core/Src/main.o
 .debug_macro   0x000000000002390e       0x47 Core/Src/main.o
 .debug_macro   0x0000000000023955      0x14d Core/Src/main.o
 .debug_macro   0x0000000000023aa2      0x268 Core/Src/main.o
 .debug_macro   0x0000000000023d0a       0xa0 Core/Src/main.o
 .debug_macro   0x0000000000023daa       0x10 Core/Src/main.o
 .debug_macro   0x0000000000023dba      0x39e Core/Src/main.o
 .debug_macro   0x0000000000024158       0x2e Core/Src/main.o
 .debug_macro   0x0000000000024186       0x40 Core/Src/main.o
 .debug_macro   0x00000000000241c6       0x10 Core/Src/main.o
 .debug_macro   0x00000000000241d6      0x132 Core/Src/main.o
 .debug_macro   0x0000000000024308       0x52 Core/Src/main.o
 .debug_macro   0x000000000002435a       0x18 Core/Src/main.o
 .debug_macro   0x0000000000024372       0x3c Core/Src/main.o
 .debug_macro   0x00000000000243ae       0x34 Core/Src/main.o
 .debug_macro   0x00000000000243e2       0x16 Core/Src/main.o
 .debug_macro   0x00000000000243f8       0x35 Core/Src/main.o
 .debug_macro   0x000000000002442d      0x333 Core/Src/main.o
 .debug_macro   0x0000000000024760       0x10 Core/Src/main.o
 .debug_macro   0x0000000000024770       0x16 Core/Src/main.o
 .debug_macro   0x0000000000024786       0x43 Core/Src/main.o
 .debug_macro   0x00000000000247c9       0x34 Core/Src/main.o
 .debug_macro   0x00000000000247fd       0x10 Core/Src/main.o
 .debug_macro   0x000000000002480d       0x58 Core/Src/main.o
 .debug_macro   0x0000000000024865       0x71 Core/Src/main.o
 .debug_macro   0x00000000000248d6       0x1c Core/Src/main.o
 .debug_macro   0x00000000000248f2      0x12a Core/Src/main.o
 .debug_macro   0x0000000000024a1c       0x10 Core/Src/main.o
 .debug_macro   0x0000000000024a2c       0x1c Core/Src/main.o
 .debug_macro   0x0000000000024a48       0x52 Core/Src/main.o
 .debug_macro   0x0000000000024a9a       0x22 Core/Src/main.o
 .debug_macro   0x0000000000024abc       0x10 Core/Src/main.o
 .debug_macro   0x0000000000024acc       0x40 Core/Src/main.o
 .debug_macro   0x0000000000024b0c       0xd5 Core/Src/main.o
 .debug_macro   0x0000000000024be1       0x1c Core/Src/main.o
 .debug_macro   0x0000000000024bfd       0x3d Core/Src/main.o
 .debug_macro   0x0000000000024c3a       0x16 Core/Src/main.o
 .debug_macro   0x0000000000024c50      0x145 Core/Src/main.o
 .debug_macro   0x0000000000024d95       0x16 Core/Src/main.o
 .debug_macro   0x0000000000024dab       0x20 Core/Src/main.o
 .debug_macro   0x0000000000024dcb      0x280 Core/Src/stm32f7xx_hal_msp.o
 .debug_macro   0x000000000002504b      0x28a Core/Src/stm32f7xx_it.o
 .debug_macro   0x00000000000252d5      0x214 Core/Src/system_stm32f7xx.o
 .debug_macro   0x00000000000254e9      0x238 Drivers/STM32F7xx_HAL_Driver/Src/stm32f7xx_hal.o
 .debug_macro   0x0000000000025721      0x214 Drivers/STM32F7xx_HAL_Driver/Src/stm32f7xx_hal_cortex.o
 .debug_macro   0x0000000000025935      0x214 Drivers/STM32F7xx_HAL_Driver/Src/stm32f7xx_hal_crc.o
 .debug_macro   0x0000000000025b49      0x214 Drivers/STM32F7xx_HAL_Driver/Src/stm32f7xx_hal_crc_ex.o
 .debug_macro   0x0000000000025d5d      0x21a Drivers/STM32F7xx_HAL_Driver/Src/stm32f7xx_hal_dma.o
 .debug_macro   0x0000000000025f77      0x223 Drivers/STM32F7xx_HAL_Driver/Src/stm32f7xx_hal_dma2d.o
 .debug_macro   0x000000000002619a      0x21a Drivers/STM32F7xx_HAL_Driver/Src/stm32f7xx_hal_gpio.o
 .debug_macro   0x00000000000263b4      0x2e0 Drivers/STM32F7xx_HAL_Driver/Src/stm32f7xx_hal_i2c.o
 .debug_macro   0x0000000000026694      0x214 Drivers/STM32F7xx_HAL_Driver/Src/stm32f7xx_hal_ltdc.o
 .debug_macro   0x00000000000268a8      0x22c Drivers/STM32F7xx_HAL_Driver/Src/stm32f7xx_hal_pwr_ex.o
 .debug_macro   0x0000000000026ad4      0x238 Drivers/STM32F7xx_HAL_Driver/Src/stm32f7xx_hal_rcc.o
 .debug_macro   0x0000000000026d0c      0x214 Drivers/STM32F7xx_HAL_Driver/Src/stm32f7xx_hal_rcc_ex.o
 .debug_macro   0x0000000000026f20      0x214 Drivers/STM32F7xx_HAL_Driver/Src/stm32f7xx_hal_sdram.o
 .debug_macro   0x0000000000027134      0x214 Drivers/STM32F7xx_HAL_Driver/Src/stm32f7xx_ll_fmc.o
 .debug_macro   0x0000000000027348       0x73 Peripherals/Src/font24.o
 .debug_macro   0x00000000000273bb       0x7b Peripherals/Src/ft5336.o
 .debug_macro   0x0000000000027436      0x241 Peripherals/Src/stm32746g_discovery.o
 .debug_macro   0x0000000000027677      0x262 Peripherals/Src/stm32746g_discovery.o
 .debug_macro   0x00000000000278d9      0x263 Peripherals/Src/stm32746g_discovery_lcd.o
 .debug_macro   0x0000000000027b3c       0x9a Peripherals/Src/stm32746g_discovery_lcd.o
 .debug_macro   0x0000000000027bd6      0x223 Peripherals/Src/stm32746g_discovery_sdram.o
 .debug_macro   0x0000000000027df9      0x24a Peripherals/Src/stm32746g_discovery_ts.o

.debug_line     0x0000000000000000    0x14c5c
 .debug_line    0x0000000000000000      0xcd0 Core/Src/main.o
 .debug_line    0x0000000000000cd0      0x8ab Core/Src/stm32f7xx_hal_msp.o
 .debug_line    0x000000000000157b      0x915 Core/Src/stm32f7xx_it.o
 .debug_line    0x0000000000001e90      0x7d1 Core/Src/system_stm32f7xx.o
 .debug_line    0x0000000000002661       0x88 Core/Startup/startup_stm32f746nghx.o
 .debug_line    0x00000000000026e9      0xa62 Drivers/STM32F7xx_HAL_Driver/Src/stm32f7xx_hal.o
 .debug_line    0x000000000000314b      0xce8 Drivers/STM32F7xx_HAL_Driver/Src/stm32f7xx_hal_cortex.o
 .debug_line    0x0000000000003e33      0xa92 Drivers/STM32F7xx_HAL_Driver/Src/stm32f7xx_hal_crc.o
 .debug_line    0x00000000000048c5      0x804 Drivers/STM32F7xx_HAL_Driver/Src/stm32f7xx_hal_crc_ex.o
 .debug_line    0x00000000000050c9      0xfaf Drivers/STM32F7xx_HAL_Driver/Src/stm32f7xx_hal_dma.o
 .debug_line    0x0000000000006078     0x11ee Drivers/STM32F7xx_HAL_Driver/Src/stm32f7xx_hal_dma2d.o
 .debug_line    0x0000000000007266      0xbd6 Drivers/STM32F7xx_HAL_Driver/Src/stm32f7xx_hal_gpio.o
 .debug_line    0x0000000000007e3c     0x3407 Drivers/STM32F7xx_HAL_Driver/Src/stm32f7xx_hal_i2c.o
 .debug_line    0x000000000000b243     0x174c Drivers/STM32F7xx_HAL_Driver/Src/stm32f7xx_hal_ltdc.o
 .debug_line    0x000000000000c98f      0x9d7 Drivers/STM32F7xx_HAL_Driver/Src/stm32f7xx_hal_pwr_ex.o
 .debug_line    0x000000000000d366      0xea3 Drivers/STM32F7xx_HAL_Driver/Src/stm32f7xx_hal_rcc.o
 .debug_line    0x000000000000e209      0xe5e Drivers/STM32F7xx_HAL_Driver/Src/stm32f7xx_hal_rcc_ex.o
 .debug_line    0x000000000000f067      0xc9d Drivers/STM32F7xx_HAL_Driver/Src/stm32f7xx_hal_sdram.o
 .debug_line    0x000000000000fd04      0xd2b Drivers/STM32F7xx_HAL_Driver/Src/stm32f7xx_ll_fmc.o
 .debug_line    0x0000000000010a2f      0x3cf Peripherals/Src/font24.o
 .debug_line    0x0000000000010dfe      0x6cd Peripherals/Src/ft5336.o
 .debug_line    0x00000000000114cb      0xc62 Peripherals/Src/stm32746g_discovery.o
 .debug_line    0x000000000001212d     0x16e4 Peripherals/Src/stm32746g_discovery_lcd.o
 .debug_line    0x0000000000013811      0x969 Peripherals/Src/stm32746g_discovery_sdram.o
 .debug_line    0x000000000001417a      0xae2 Peripherals/Src/stm32746g_discovery_ts.o

.debug_str      0x0000000000000000    0xf292f
 .debug_str     0x0000000000000000    0xed3ef Core/Src/main.o
                                      0xedc05 (size before relaxing)
 .debug_str     0x00000000000ed3ef       0x74 Core/Src/stm32f7xx_hal_msp.o
                                      0xe95d7 (size before relaxing)
 .debug_str     0x00000000000ed463      0x2e6 Core/Src/stm32f7xx_it.o
                                      0xe9460 (size before relaxing)
 .debug_str     0x00000000000ed749       0x5b Core/Src/system_stm32f7xx.o
                                      0xe5ed0 (size before relaxing)
 .debug_str     0x00000000000ed7a4       0x36 Core/Startup/startup_stm32f746nghx.o
                                         0x75 (size before relaxing)
 .debug_str     0x00000000000ed7da      0x8b9 Drivers/STM32F7xx_HAL_Driver/Src/stm32f7xx_hal.o
                                      0xe6797 (size before relaxing)
 .debug_str     0x00000000000ee093      0x37c Drivers/STM32F7xx_HAL_Driver/Src/stm32f7xx_hal_cortex.o
                                      0xe683e (size before relaxing)
 .debug_str     0x00000000000ee40f       0xc5 Drivers/STM32F7xx_HAL_Driver/Src/stm32f7xx_hal_crc.o
                                      0xe5f1e (size before relaxing)
 .debug_str     0x00000000000ee4d4       0x82 Drivers/STM32F7xx_HAL_Driver/Src/stm32f7xx_hal_crc_ex.o
                                      0xe5ef1 (size before relaxing)
 .debug_str     0x00000000000ee556      0x4dc Drivers/STM32F7xx_HAL_Driver/Src/stm32f7xx_hal_dma.o
                                      0xe621f (size before relaxing)
 .debug_str     0x00000000000eea32      0x3b0 Drivers/STM32F7xx_HAL_Driver/Src/stm32f7xx_hal_dma2d.o
                                      0xe6403 (size before relaxing)
 .debug_str     0x00000000000eede2      0x143 Drivers/STM32F7xx_HAL_Driver/Src/stm32f7xx_hal_gpio.o
                                      0xe5fba (size before relaxing)
 .debug_str     0x00000000000eef25      0xff7 Drivers/STM32F7xx_HAL_Driver/Src/stm32f7xx_hal_i2c.o
                                      0xe7083 (size before relaxing)
 .debug_str     0x00000000000eff1c      0x490 Drivers/STM32F7xx_HAL_Driver/Src/stm32f7xx_hal_ltdc.o
                                      0xe6445 (size before relaxing)
 .debug_str     0x00000000000f03ac      0x1d1 Drivers/STM32F7xx_HAL_Driver/Src/stm32f7xx_hal_pwr_ex.o
                                      0xe615f (size before relaxing)
 .debug_str     0x00000000000f057d      0x26d Drivers/STM32F7xx_HAL_Driver/Src/stm32f7xx_hal_rcc.o
                                      0xe6200 (size before relaxing)
 .debug_str     0x00000000000f07ea      0x392 Drivers/STM32F7xx_HAL_Driver/Src/stm32f7xx_hal_rcc_ex.o
                                      0xe618a (size before relaxing)
 .debug_str     0x00000000000f0b7c      0x4ce Drivers/STM32F7xx_HAL_Driver/Src/stm32f7xx_hal_sdram.o
                                      0xe63f3 (size before relaxing)
 .debug_str     0x00000000000f104a      0x477 Drivers/STM32F7xx_HAL_Driver/Src/stm32f7xx_ll_fmc.o
                                      0xe6343 (size before relaxing)
 .debug_str     0x00000000000f14c1       0x29 Peripherals/Src/font24.o
                                       0x3d92 (size before relaxing)
 .debug_str     0x00000000000f14ea      0x272 Peripherals/Src/ft5336.o
                                       0x53e8 (size before relaxing)
 .debug_str     0x00000000000f175c      0x762 Peripherals/Src/stm32746g_discovery.o
                                      0xe81ff (size before relaxing)
 .debug_str     0x00000000000f1ebe      0x7a8 Peripherals/Src/stm32746g_discovery_lcd.o
                                      0xe8c7f (size before relaxing)
 .debug_str     0x00000000000f2666      0x159 Peripherals/Src/stm32746g_discovery_sdram.o
                                      0xe6e40 (size before relaxing)
 .debug_str     0x00000000000f27bf      0x170 Peripherals/Src/stm32746g_discovery_ts.o
                                      0xe8c61 (size before relaxing)

.comment        0x0000000000000000       0x53
 .comment       0x0000000000000000       0x53 Core/Src/main.o
                                         0x54 (size before relaxing)
 .comment       0x0000000000000053       0x54 Core/Src/stm32f7xx_hal_msp.o
 .comment       0x0000000000000053       0x54 Core/Src/stm32f7xx_it.o
 .comment       0x0000000000000053       0x54 Core/Src/system_stm32f7xx.o
 .comment       0x0000000000000053       0x54 Drivers/STM32F7xx_HAL_Driver/Src/stm32f7xx_hal.o
 .comment       0x0000000000000053       0x54 Drivers/STM32F7xx_HAL_Driver/Src/stm32f7xx_hal_cortex.o
 .comment       0x0000000000000053       0x54 Drivers/STM32F7xx_HAL_Driver/Src/stm32f7xx_hal_crc.o
 .comment       0x0000000000000053       0x54 Drivers/STM32F7xx_HAL_Driver/Src/stm32f7xx_hal_crc_ex.o
 .comment       0x0000000000000053       0x54 Drivers/STM32F7xx_HAL_Driver/Src/stm32f7xx_hal_dma.o
 .comment       0x0000000000000053       0x54 Drivers/STM32F7xx_HAL_Driver/Src/stm32f7xx_hal_dma2d.o
 .comment       0x0000000000000053       0x54 Drivers/STM32F7xx_HAL_Driver/Src/stm32f7xx_hal_gpio.o
 .comment       0x0000000000000053       0x54 Drivers/STM32F7xx_HAL_Driver/Src/stm32f7xx_hal_i2c.o
 .comment       0x0000000000000053       0x54 Drivers/STM32F7xx_HAL_Driver/Src/stm32f7xx_hal_ltdc.o
 .comment       0x0000000000000053       0x54 Drivers/STM32F7xx_HAL_Driver/Src/stm32f7xx_hal_pwr_ex.o
 .comment       0x0000000000000053       0x54 Drivers/STM32F7xx_HAL_Driver/Src/stm32f7xx_hal_rcc.o
 .comment       0x0000000000000053       0x54 Drivers/STM32F7xx_HAL_Driver/Src/stm32f7xx_hal_rcc_ex.o
 .comment       0x0000000000000053       0x54 Drivers/STM32F7xx_HAL_Driver/Src/stm32f7xx_hal_sdram.o
 .comment       0x0000000000000053       0x54 Drivers/STM32F7xx_HAL_Driver/Src/stm32f7xx_ll_fmc.o
 .comment       0x0000000000000053       0x54 Peripherals/Src/font24.o
 .comment       0x0000000000000053       0x54 Peripherals/Src/ft5336.o
 .comment       0x0000000000000053       0x54 Peripherals/Src/stm32746g_discovery.o
 .comment       0x0000000000000053       0x54 Peripherals/Src/stm32746g_discovery_lcd.o
 .comment       0x0000000000000053       0x54 Peripherals/Src/stm32746g_discovery_sdram.o
 .comment       0x0000000000000053       0x54 Peripherals/Src/stm32746g_discovery_ts.o

.debug_frame    0x0000000000000000     0x4664
 .debug_frame   0x0000000000000000      0x138 Core/Src/main.o
 .debug_frame   0x0000000000000138       0xd8 Core/Src/stm32f7xx_hal_msp.o
 .debug_frame   0x0000000000000210      0x120 Core/Src/stm32f7xx_it.o
 .debug_frame   0x0000000000000330       0x58 Core/Src/system_stm32f7xx.o
 .debug_frame   0x0000000000000388      0x3b4 Drivers/STM32F7xx_HAL_Driver/Src/stm32f7xx_hal.o
 .debug_frame   0x000000000000073c      0x498 Drivers/STM32F7xx_HAL_Driver/Src/stm32f7xx_hal_cortex.o
 .debug_frame   0x0000000000000bd4      0x168 Drivers/STM32F7xx_HAL_Driver/Src/stm32f7xx_hal_crc.o
 .debug_frame   0x0000000000000d3c       0x88 Drivers/STM32F7xx_HAL_Driver/Src/stm32f7xx_hal_crc_ex.o
 .debug_frame   0x0000000000000dc4      0x250 Drivers/STM32F7xx_HAL_Driver/Src/stm32f7xx_hal_dma.o
 .debug_frame   0x0000000000001014      0x4e0 Drivers/STM32F7xx_HAL_Driver/Src/stm32f7xx_hal_dma2d.o
 .debug_frame   0x00000000000014f4      0x14c Drivers/STM32F7xx_HAL_Driver/Src/stm32f7xx_hal_gpio.o
 .debug_frame   0x0000000000001640      0xbe8 Drivers/STM32F7xx_HAL_Driver/Src/stm32f7xx_hal_i2c.o
 .debug_frame   0x0000000000002228      0x61c Drivers/STM32F7xx_HAL_Driver/Src/stm32f7xx_hal_ltdc.o
 .debug_frame   0x0000000000002844      0x1c8 Drivers/STM32F7xx_HAL_Driver/Src/stm32f7xx_hal_pwr_ex.o
 .debug_frame   0x0000000000002a0c      0x1f0 Drivers/STM32F7xx_HAL_Driver/Src/stm32f7xx_hal_rcc.o
 .debug_frame   0x0000000000002bfc      0x118 Drivers/STM32F7xx_HAL_Driver/Src/stm32f7xx_hal_rcc_ex.o
 .debug_frame   0x0000000000002d14      0x37c Drivers/STM32F7xx_HAL_Driver/Src/stm32f7xx_hal_sdram.o
 .debug_frame   0x0000000000003090      0x37c Drivers/STM32F7xx_HAL_Driver/Src/stm32f7xx_ll_fmc.o
 .debug_frame   0x000000000000340c      0x230 Peripherals/Src/ft5336.o
 .debug_frame   0x000000000000363c      0x4b0 Peripherals/Src/stm32746g_discovery.o
 .debug_frame   0x0000000000003aec      0x840 Peripherals/Src/stm32746g_discovery_lcd.o
 .debug_frame   0x000000000000432c      0x168 Peripherals/Src/stm32746g_discovery_sdram.o
 .debug_frame   0x0000000000004494      0x124 Peripherals/Src/stm32746g_discovery_ts.o
 .debug_frame   0x00000000000045b8       0x2c c:/st/stm32cubeide_1.6.1/stm32cubeide/plugins/com.st.stm32cube.ide.mcu.externaltools.gnu-tools-for-stm32.9-2020-q2-update.win32_1.5.0.202011040924/tools/bin/../lib/gcc/arm-none-eabi/9.3.1/../../../../arm-none-eabi/lib/thumb/v7e-m+fp/hard\libc_nano.a(lib_a-init.o)
 .debug_frame   0x00000000000045e4       0x20 c:/st/stm32cubeide_1.6.1/stm32cubeide/plugins/com.st.stm32cube.ide.mcu.externaltools.gnu-tools-for-stm32.9-2020-q2-update.win32_1.5.0.202011040924/tools/bin/../lib/gcc/arm-none-eabi/9.3.1/../../../../arm-none-eabi/lib/thumb/v7e-m+fp/hard\libc_nano.a(lib_a-memset.o)
 .debug_frame   0x0000000000004604       0x2c c:/st/stm32cubeide_1.6.1/stm32cubeide/plugins/com.st.stm32cube.ide.mcu.externaltools.gnu-tools-for-stm32.9-2020-q2-update.win32_1.5.0.202011040924/tools/bin/../lib/gcc/arm-none-eabi/9.3.1/thumb/v7e-m+fp/hard\libgcc.a(_aeabi_uldivmod.o)
 .debug_frame   0x0000000000004630       0x34 c:/st/stm32cubeide_1.6.1/stm32cubeide/plugins/com.st.stm32cube.ide.mcu.externaltools.gnu-tools-for-stm32.9-2020-q2-update.win32_1.5.0.202011040924/tools/bin/../lib/gcc/arm-none-eabi/9.3.1/thumb/v7e-m+fp/hard\libgcc.a(_udivmoddi4.o)
